******************************************************************************
                  TI ARM Linker PC v5.2.5                      
******************************************************************************
>> Linked Wed May 18 11:41:09 2016

OUTPUT FILE NAME:   <HeartRate.out>
ENTRY POINT SYMBOL: "ResetISR"  address: 000045bd


MEMORY CONFIGURATION

         name            origin    length      used     unused   attr    fill
----------------------  --------  ---------  --------  --------  ----  --------
  FLASH                 00000000   0000dfff  0000725a  00006da5  R  X
  FLASH_LAST_PAGE       0001f000   00001000  00000058  00000fa8  R  X
  SRAM                  20000000   000043eb  00002ba0  0000184b  RW X


SEGMENT ALLOCATION MAP

run origin  load origin   length   init length attrs members
----------  ----------- ---------- ----------- ----- -------
00000000    00000000    00007260   00007260    r-x
  00000000    00000000    0000003c   0000003c    r-- .resetVecs
  0000003c    0000003c    000000c4   000000c4    r-x .text.1
  00000100    00000100    0000003c   0000003c    r-- .const:ti_sysbios_knl_Task_Object__PARAMS__C
  0000013c    0000013c    00000034   00000034    r-- .const:ti_sysbios_knl_Mailbox_Object__PARAMS__C
  00000170    00000170    00000030   00000030    r-- .const:ti_sysbios_family_arm_m3_Hwi_Object__PARAMS__C
  000001a0    000001a0    0000002c   0000002c    r-- .const:ti_sysbios_hal_Hwi_Object__PARAMS__C
  000001cc    000001cc    00000028   00000028    r-- .const:ti_sysbios_heaps_HeapMem_Module__FXNS__C
  000001f4    000001f4    00000028   00000028    r-- .const:ti_sysbios_knl_Swi_Object__PARAMS__C
  0000021c    0000021c    00000024   00000024    r-- .const:ti_sysbios_gates_GateHwi_Module__FXNS__C
  00000240    00000240    00000024   00000024    r-- .const:ti_sysbios_gates_GateMutex_Module__FXNS__C
  00000264    00000264    00000024   00000024    r-- .const:ti_sysbios_heaps_HeapMem_Object__PARAMS__C
  00000288    00000288    00000024   00000024    r-- .const:ti_sysbios_knl_Clock_Object__PARAMS__C
  000002ac    000002ac    00000024   00000024    r-- .const:ti_sysbios_knl_Semaphore_Object__PARAMS__C
  000002d0    000002d0    00000020   00000020    r-- .const:ti_sysbios_family_arm_m3_Hwi_Object__DESC__C
  000002f0    000002f0    00000020   00000020    r-- .const:ti_sysbios_gates_GateHwi_Object__DESC__C
  00000310    00000310    00000020   00000020    r-- .const:ti_sysbios_gates_GateMutex_Object__DESC__C
  00000330    00000330    00000020   00000020    r-- .const:ti_sysbios_hal_Hwi_Object__DESC__C
  00000350    00000350    00000020   00000020    r-- .const:ti_sysbios_heaps_HeapMem_Object__DESC__C
  00000370    00000370    00000020   00000020    r-- .const:ti_sysbios_knl_Clock_Object__DESC__C
  00000390    00000390    00000020   00000020    r-- .const:ti_sysbios_knl_Mailbox_Object__DESC__C
  000003b0    000003b0    00000020   00000020    r-- .const:ti_sysbios_knl_Queue_Object__DESC__C
  000003d0    000003d0    00000020   00000020    r-- .const:ti_sysbios_knl_Semaphore_Object__DESC__C
  000003f0    000003f0    00000020   00000020    r-- .const:ti_sysbios_knl_Swi_Object__DESC__C
  00000410    00000410    00000020   00000020    r-- .const:ti_sysbios_knl_Task_Object__DESC__C
  00000430    00000430    00000018   00000018    r-- .const:ti_sysbios_gates_GateHwi_Object__PARAMS__C
  00000448    00000448    00000018   00000018    r-- .const:ti_sysbios_gates_GateMutex_Object__PARAMS__C
  00000460    00000460    00000018   00000018    r-- .const:ti_sysbios_knl_Queue_Object__PARAMS__C
  00000478    00000478    00000008   00000008    r-- .const:ti_sysbios_knl_Idle_funcList__C
  00000480    00000480    00000004   00000004    r-x .text.2
  00000484    00000484    00000004   00000004    r-- .const:ti_sysbios_family_arm_cc26xx_Timer_startupNeeded__C
  00000488    00000488    00000004   00000004    r-- .const:ti_sysbios_family_arm_m3_Hwi_E_alreadyDefined__C
  0000048c    0000048c    00000004   00000004    r-- .const:ti_sysbios_family_arm_m3_Hwi_E_hwiLimitExceeded__C
  00000490    00000490    00000004   00000004    r-- .const:ti_sysbios_family_arm_m3_Hwi_NUM_INTERRUPTS__C
  00000494    00000494    00000004   00000004    r-- .const:ti_sysbios_family_arm_m3_Hwi_Object__count__C
  00000498    00000498    00000004   00000004    r-- .const:ti_sysbios_family_arm_m3_Hwi_Object__table__C
  0000049c    0000049c    00000004   00000004    r-- .const:ti_sysbios_family_arm_m3_Hwi_ccr__C
  000004a0    000004a0    00000004   00000004    r-- .const:ti_sysbios_family_arm_m3_Hwi_excHandlerFunc__C
  000004a4    000004a4    00000004   00000004    r-- .const:ti_sysbios_family_arm_m3_Hwi_nullIsrFunc__C
  000004a8    000004a8    00000004   00000004    r-- .const:ti_sysbios_family_arm_m3_Hwi_numSparseInterrupts__C
  000004ac    000004ac    00000004   00000004    r-- .const:ti_sysbios_family_arm_m3_Hwi_priGroup__C
  000004b0    000004b0    00000004   00000004    r-- .const:ti_sysbios_family_arm_m3_TaskSupport_stackAlignment__C
  000004b4    000004b4    00000004   00000004    r-- .const:ti_sysbios_heaps_HeapMem_E_memory__C
  000004b8    000004b8    00000004   00000004    r-- .const:ti_sysbios_heaps_HeapMem_Module__gateObj__C
  000004bc    000004bc    00000004   00000004    r-- .const:ti_sysbios_heaps_HeapMem_Object__count__C
  000004c0    000004c0    00000004   00000004    r-- .const:ti_sysbios_heaps_HeapMem_Object__table__C
  000004c4    000004c4    00000004   00000004    r-- .const:ti_sysbios_heaps_HeapMem_reqAlign__C
  000004c8    000004c8    00000004   00000004    r-- .const:ti_sysbios_knl_Clock_serviceMargin__C
  000004cc    000004cc    00000004   00000004    r-- .const:ti_sysbios_knl_Mailbox_Object__count__C
  000004d0    000004d0    00000004   00000004    r-- .const:ti_sysbios_knl_Mailbox_Object__table__C
  000004d4    000004d4    00000004   00000004    r-- .const:ti_sysbios_knl_Queue_Object__count__C
  000004d8    000004d8    00000004   00000004    r-- .const:ti_sysbios_knl_Queue_Object__table__C
  000004dc    000004dc    00000004   00000004    r-- .const:ti_sysbios_knl_Swi_Object__count__C
  000004e0    000004e0    00000004   00000004    r-- .const:ti_sysbios_knl_Swi_Object__table__C
  000004e4    000004e4    00000004   00000004    r-- .const:ti_sysbios_knl_Swi_numPriorities__C
  000004e8    000004e8    00000004   00000004    r-- .const:ti_sysbios_knl_Task_Object__count__C
  000004ec    000004ec    00000004   00000004    r-- .const:ti_sysbios_knl_Task_Object__table__C
  000004f0    000004f0    00000004   00000004    r-- .const:ti_sysbios_knl_Task_allBlockedFunc__C
  000004f4    000004f4    00000004   00000004    r-- .const:ti_sysbios_knl_Task_defaultStackHeap__C
  000004f8    000004f8    00000004   00000004    r-- .const:ti_sysbios_knl_Task_defaultStackSize__C
  000004fc    000004fc    00000004   00000004    r-- .const:ti_sysbios_knl_Task_numConstructedTasks__C
  00000500    00000500    00000002   00000002    r-x .text.3
  00000502    00000502    00000002   00000002    r-- .const:ti_sysbios_family_arm_cc26xx_Timer_Module__id__C
  00000504    00000504    00000002   00000002    r-- .const:ti_sysbios_family_arm_cc26xx_TimestampProvider_useClockTimer__C
  00000506    00000506    00000002   00000002    r-- .const:ti_sysbios_family_arm_m3_Hwi_Module__id__C
  00000508    00000508    00000002   00000002    r-- .const:ti_sysbios_gates_GateHwi_Module__id__C
  0000050a    0000050a    00000002   00000002    r-- .const:ti_sysbios_gates_GateMutex_Module__id__C
  0000050c    0000050c    00000002   00000002    r-- .const:ti_sysbios_heaps_HeapMem_Module__id__C
  0000050e    0000050e    00000002   00000002    r-- .const:ti_sysbios_knl_Task_initStackFlag__C
  00000510    00000510    00000001   00000001    r-- .const:ti_sysbios_knl_Clock_tickMode__C
  00000514    00000514    00000008   00000008    r-- .const:xdc_runtime_Startup_firstFxns__C
  0000051c    0000051c    00000008   00000008    r-- .const:xdc_runtime_Startup_lastFxns__C
  00000524    00000524    00000004   00000004    r-- .const:xdc_runtime_Assert_E_assertFailed__C
  00000528    00000528    00000004   00000004    r-- .const:xdc_runtime_Error_E_memory__C
  0000052c    0000052c    00000004   00000004    r-- .const:xdc_runtime_Error_policyFxn__C
  00000530    00000530    00000004   00000004    r-- .const:xdc_runtime_IGateProvider_Interface__BASE__C
  00000534    00000534    00000004   00000004    r-- .const:xdc_runtime_IHeap_Interface__BASE__C
  00000538    00000538    00000004   00000004    r-- .const:xdc_runtime_IModule_Interface__BASE__C
  0000053c    0000053c    00000004   00000004    r-- .const:xdc_runtime_Main_Module__diagsEnabled__C
  00000540    00000540    00000004   00000004    r-- .const:xdc_runtime_Main_Module__diagsIncluded__C
  00000544    00000544    00000004   00000004    r-- .const:xdc_runtime_Main_Module__diagsMask__C
  00000548    00000548    00000004   00000004    r-- .const:xdc_runtime_Memory_defaultHeapInstance__C
  0000054c    0000054c    00000004   00000004    r-- .const:xdc_runtime_Startup_execImpl__C
  00000550    00000550    00000004   00000004    r-- .const:xdc_runtime_Startup_maxPasses__C
  00000554    00000554    00000004   00000004    r-- .const:xdc_runtime_Startup_sfxnRts__C
  00000558    00000558    00000004   00000004    r-- .const:xdc_runtime_Startup_sfxnTab__C
  0000055c    0000055c    00000004   00000004    r-- .const:xdc_runtime_Startup_startModsFxn__C
  00000560    00000560    00000004   00000004    r-- .const:xdc_runtime_SysCallback_abortFxn__C
  00000564    00000564    00000004   00000004    r-- .const:xdc_runtime_SysCallback_exitFxn__C
  00000568    00000568    00000004   00000004    r-- .const:xdc_runtime_System_abortFxn__C
  0000056c    0000056c    00000004   00000004    r-- .const:xdc_runtime_System_exitFxn__C
  00000570    00000570    00000004   00000004    r-- .const:xdc_runtime_System_maxAtexitHandlers__C
  00000574    00000574    00000004   00000004    r-- .const:xdc_runtime_Text_charTab__C
  00000578    00000578    00000004   00000004    r-- .const:xdc_runtime_Text_nameEmpty__C
  0000057c    0000057c    00000004   00000004    r-- .const:xdc_runtime_Text_nameStatic__C
  00000580    00000580    00000004   00000004    r-- .const:xdc_runtime_Text_nameUnknown__C
  00000584    00000584    00000002   00000002    r-- .const:xdc_runtime_Main_Module__id__C
  00000586    00000586    00000002   00000002    r-- .const:xdc_runtime_Memory_Module__id__C
  00000588    00000588    00000002   00000002    r-- .const:xdc_runtime_Text_charCnt__C
  0000058a    0000058a    00000002   00000002    r-- .const:xdc_runtime_Text_isLoaded__C
  0000058c    0000058c    00000001   00000001    r-- .const:xdc_runtime_Error_policy__C
  00000590    00000590    00000004   00000004    r-- .const:ti_sysbios_rom_ROM_AONRTCChannelEnable
  00000594    00000594    00000004   00000004    r-- .const:ti_sysbios_rom_ROM_AONRTCCompareValueSet
  00000598    00000598    00000004   00000004    r-- .const:ti_sysbios_rom_ROM_AONRTCCurrentCompareValueGet
  0000059c    0000059c    00000004   00000004    r-- .const:ti_sysbios_rom_ROM_AONRTCEventClear
  000005a0    000005a0    00000004   00000004    r-- .const:ti_sysbios_rom_ROM_ti_sysbios_family_arm_cc26xx_Timer_getCount64__E
  000005a4    000005a4    00000004   00000004    r-- .const:ti_sysbios_rom_ROM_ti_sysbios_family_arm_cc26xx_Timer_getCurrentTick__E
  000005a8    000005a8    00000004   00000004    r-- .const:ti_sysbios_rom_ROM_ti_sysbios_family_arm_cc26xx_Timer_getMaxTicks__E
  000005ac    000005ac    00000004   00000004    r-- .const:ti_sysbios_rom_ROM_ti_sysbios_family_arm_cc26xx_Timer_initDevice__I
  000005b0    000005b0    00000004   00000004    r-- .const:ti_sysbios_rom_ROM_ti_sysbios_family_arm_cc26xx_Timer_setNextTick__E
  000005b4    000005b4    00000004   00000004    r-- .const:ti_sysbios_rom_ROM_ti_sysbios_family_arm_cc26xx_Timer_setThreshold__I
  000005b8    000005b8    00000004   00000004    r-- .const:ti_sysbios_rom_ROM_ti_sysbios_family_arm_cc26xx_Timer_start__E
  000005bc    000005bc    00000004   00000004    r-- .const:ti_sysbios_rom_ROM_ti_sysbios_family_arm_cc26xx_TimestampProvider_get32__E
  000005c0    000005c0    00000004   00000004    r-- .const:ti_sysbios_rom_ROM_xdc_runtime_Startup_getState__I
  000005c4    000005c4    00000004   00000004    r-- .const:ti_sysbios_rom_ROM_xdc_runtime_System_SupportProxy_abort__E
  000005c8    000005c8    00000004   00000004    r-- .const:ti_sysbios_rom_ROM_xdc_runtime_System_SupportProxy_exit__E
  000005cc    000005cc    00000004   00000004    r-- .const:ti_sysbios_gates_GateMutex_Instance_State_sem__O
  000005d0    000005d0    00000004   00000004    r-- .const:ti_sysbios_knl_Clock_Module_State_clockQ__O
  000005d4    000005d4    00000004   00000004    r-- .const:ti_sysbios_knl_Mailbox_Instance_State_dataQue__O
  000005d8    000005d8    00000004   00000004    r-- .const:ti_sysbios_knl_Mailbox_Instance_State_dataSem__O
  000005dc    000005dc    00000004   00000004    r-- .const:ti_sysbios_knl_Mailbox_Instance_State_freeQue__O
  000005e0    000005e0    00000004   00000004    r-- .const:ti_sysbios_knl_Mailbox_Instance_State_freeSem__O
  000005e4    000005e4    00000004   00000004    r-- .const:ti_sysbios_knl_Semaphore_Instance_State_pendQ__O
  000005e8    000005e8    00000004   00000004    r-- .const:ti_sysbios_knl_Task_Module_State_inactiveQ__O
  000005ec    000005ec    0000620c   0000620c    r-x .text.4
  000067f8    000067f8    000002d8   000002d8    r-- .const
  00006ad0    00006ad0    00000790   00000790    r-- .cinit
0001ffa8    0001ffa8    00000058   00000058    r--
  0001ffa8    0001ffa8    00000058   00000058    r-- .ccfg
20000000    20000000    000000c8   00000000    rw-
  20000000    20000000    000000c8   00000000    rw- .vecs
20000100    20000100    000026dc   00000000    rw-
  20000100    20000100    00000044   00000000    rw- .data:ti_sysbios_knl_Task_Module__state__V
  20000144    20000144    00000034   00000000    rw- .data:ti_sysbios_family_arm_m3_Hwi_Module__state__V
  20000178    20000178    0000002c   00000000    rw- .data:ti_sysbios_knl_Clock_Module__state__V
  200001a4    200001a4    00000024   00000000    rw- .data:ti_sysbios_BIOS_Module__state__V
  200001c8    200001c8    0000001c   00000000    rw- .data:ti_sysbios_knl_Swi_Module__state__V
  200001e4    200001e4    00000008   00000000    rw- .data:ti_sysbios_family_arm_cc26xx_Timer_Module__state__V
  200001ec    200001ec    00000004   00000000    rw- .data:ti_sysbios_family_arm_cc26xx_TimestampProvider_Module__state__V
  200001f0    200001f0    00000008   00000000    rw- .data:xdc_runtime_Startup_Module__state__V
  200001f8    200001f8    00000008   00000000    rw- .data:xdc_runtime_System_Module__state__V
  20000200    20000200    00000004   00000000    rw- .data:xdc_runtime_Memory_Module__state__V
  20000208    20000208    000016f0   00000000    rw- .bss
  200018f8    200018f8    00000ee4   00000000    rw- .data
20003fe8    20003fe8    00000400   00000000    rw-
  20003fe8    20003fe8    00000400   00000000    rw- .stack


SECTION ALLOCATION MAP

 output                                  attributes/
section   page    origin      length       input sections
--------  ----  ----------  ----------   ----------------
.resetVecs 
*          0    00000000    0000003c     
                  00000000    0000003c     appBLE_pem3.oem3 (.resetVecs)

.text.1    0    0000003c    000000c4     
                  0000003c    000000c4     heartRate.obj (.text:HeartRate_stateChangeEvt$17)

.const:ti_sysbios_knl_Task_Object__PARAMS__C 
*          0    00000100    0000003c     
                  00000100    0000003c     appBLE_pem3.oem3 (.const:ti_sysbios_knl_Task_Object__PARAMS__C)

.const:ti_sysbios_knl_Mailbox_Object__PARAMS__C 
*          0    0000013c    00000034     
                  0000013c    00000034     appBLE_pem3.oem3 (.const:ti_sysbios_knl_Mailbox_Object__PARAMS__C)

.const:ti_sysbios_family_arm_m3_Hwi_Object__PARAMS__C 
*          0    00000170    00000030     
                  00000170    00000030     appBLE_pem3.oem3 (.const:ti_sysbios_family_arm_m3_Hwi_Object__PARAMS__C)

.const:ti_sysbios_hal_Hwi_Object__PARAMS__C 
*          0    000001a0    0000002c     
                  000001a0    0000002c     appBLE_pem3.oem3 (.const:ti_sysbios_hal_Hwi_Object__PARAMS__C)

.const:ti_sysbios_heaps_HeapMem_Module__FXNS__C 
*          0    000001cc    00000028     
                  000001cc    00000028     appBLE_pem3.oem3 (.const:ti_sysbios_heaps_HeapMem_Module__FXNS__C)

.const:ti_sysbios_knl_Swi_Object__PARAMS__C 
*          0    000001f4    00000028     
                  000001f4    00000028     appBLE_pem3.oem3 (.const:ti_sysbios_knl_Swi_Object__PARAMS__C)

.const:ti_sysbios_gates_GateHwi_Module__FXNS__C 
*          0    0000021c    00000024     
                  0000021c    00000024     appBLE_pem3.oem3 (.const:ti_sysbios_gates_GateHwi_Module__FXNS__C)

.const:ti_sysbios_gates_GateMutex_Module__FXNS__C 
*          0    00000240    00000024     
                  00000240    00000024     appBLE_pem3.oem3 (.const:ti_sysbios_gates_GateMutex_Module__FXNS__C)

.const:ti_sysbios_heaps_HeapMem_Object__PARAMS__C 
*          0    00000264    00000024     
                  00000264    00000024     appBLE_pem3.oem3 (.const:ti_sysbios_heaps_HeapMem_Object__PARAMS__C)

.const:ti_sysbios_knl_Clock_Object__PARAMS__C 
*          0    00000288    00000024     
                  00000288    00000024     appBLE_pem3.oem3 (.const:ti_sysbios_knl_Clock_Object__PARAMS__C)

.const:ti_sysbios_knl_Semaphore_Object__PARAMS__C 
*          0    000002ac    00000024     
                  000002ac    00000024     appBLE_pem3.oem3 (.const:ti_sysbios_knl_Semaphore_Object__PARAMS__C)

.const:ti_sysbios_family_arm_m3_Hwi_Object__DESC__C 
*          0    000002d0    00000020     
                  000002d0    00000020     appBLE_pem3.oem3 (.const:ti_sysbios_family_arm_m3_Hwi_Object__DESC__C)

.const:ti_sysbios_gates_GateHwi_Object__DESC__C 
*          0    000002f0    00000020     
                  000002f0    00000020     appBLE_pem3.oem3 (.const:ti_sysbios_gates_GateHwi_Object__DESC__C)

.const:ti_sysbios_gates_GateMutex_Object__DESC__C 
*          0    00000310    00000020     
                  00000310    00000020     appBLE_pem3.oem3 (.const:ti_sysbios_gates_GateMutex_Object__DESC__C)

.const:ti_sysbios_hal_Hwi_Object__DESC__C 
*          0    00000330    00000020     
                  00000330    00000020     appBLE_pem3.oem3 (.const:ti_sysbios_hal_Hwi_Object__DESC__C)

.const:ti_sysbios_heaps_HeapMem_Object__DESC__C 
*          0    00000350    00000020     
                  00000350    00000020     appBLE_pem3.oem3 (.const:ti_sysbios_heaps_HeapMem_Object__DESC__C)

.const:ti_sysbios_knl_Clock_Object__DESC__C 
*          0    00000370    00000020     
                  00000370    00000020     appBLE_pem3.oem3 (.const:ti_sysbios_knl_Clock_Object__DESC__C)

.const:ti_sysbios_knl_Mailbox_Object__DESC__C 
*          0    00000390    00000020     
                  00000390    00000020     appBLE_pem3.oem3 (.const:ti_sysbios_knl_Mailbox_Object__DESC__C)

.const:ti_sysbios_knl_Queue_Object__DESC__C 
*          0    000003b0    00000020     
                  000003b0    00000020     appBLE_pem3.oem3 (.const:ti_sysbios_knl_Queue_Object__DESC__C)

.const:ti_sysbios_knl_Semaphore_Object__DESC__C 
*          0    000003d0    00000020     
                  000003d0    00000020     appBLE_pem3.oem3 (.const:ti_sysbios_knl_Semaphore_Object__DESC__C)

.const:ti_sysbios_knl_Swi_Object__DESC__C 
*          0    000003f0    00000020     
                  000003f0    00000020     appBLE_pem3.oem3 (.const:ti_sysbios_knl_Swi_Object__DESC__C)

.const:ti_sysbios_knl_Task_Object__DESC__C 
*          0    00000410    00000020     
                  00000410    00000020     appBLE_pem3.oem3 (.const:ti_sysbios_knl_Task_Object__DESC__C)

.const:ti_sysbios_gates_GateHwi_Object__PARAMS__C 
*          0    00000430    00000018     
                  00000430    00000018     appBLE_pem3.oem3 (.const:ti_sysbios_gates_GateHwi_Object__PARAMS__C)

.const:ti_sysbios_gates_GateMutex_Object__PARAMS__C 
*          0    00000448    00000018     
                  00000448    00000018     appBLE_pem3.oem3 (.const:ti_sysbios_gates_GateMutex_Object__PARAMS__C)

.const:ti_sysbios_knl_Queue_Object__PARAMS__C 
*          0    00000460    00000018     
                  00000460    00000018     appBLE_pem3.oem3 (.const:ti_sysbios_knl_Queue_Object__PARAMS__C)

.const:ti_sysbios_knl_Idle_funcList__C 
*          0    00000478    00000008     
                  00000478    00000008     appBLE_pem3.oem3 (.const:ti_sysbios_knl_Idle_funcList__C)

.text.2    0    00000480    00000004     
                  00000480    00000004     ICallBleAPI.obj (.text:GATTServApp_AddService)

.const:ti_sysbios_family_arm_cc26xx_Timer_startupNeeded__C 
*          0    00000484    00000004     
                  00000484    00000004     appBLE_pem3.oem3 (.const:ti_sysbios_family_arm_cc26xx_Timer_startupNeeded__C)

.const:ti_sysbios_family_arm_m3_Hwi_E_alreadyDefined__C 
*          0    00000488    00000004     
                  00000488    00000004     appBLE_pem3.oem3 (.const:ti_sysbios_family_arm_m3_Hwi_E_alreadyDefined__C)

.const:ti_sysbios_family_arm_m3_Hwi_E_hwiLimitExceeded__C 
*          0    0000048c    00000004     
                  0000048c    00000004     appBLE_pem3.oem3 (.const:ti_sysbios_family_arm_m3_Hwi_E_hwiLimitExceeded__C)

.const:ti_sysbios_family_arm_m3_Hwi_NUM_INTERRUPTS__C 
*          0    00000490    00000004     
                  00000490    00000004     appBLE_pem3.oem3 (.const:ti_sysbios_family_arm_m3_Hwi_NUM_INTERRUPTS__C)

.const:ti_sysbios_family_arm_m3_Hwi_Object__count__C 
*          0    00000494    00000004     
                  00000494    00000004     appBLE_pem3.oem3 (.const:ti_sysbios_family_arm_m3_Hwi_Object__count__C)

.const:ti_sysbios_family_arm_m3_Hwi_Object__table__C 
*          0    00000498    00000004     
                  00000498    00000004     appBLE_pem3.oem3 (.const:ti_sysbios_family_arm_m3_Hwi_Object__table__C)

.const:ti_sysbios_family_arm_m3_Hwi_ccr__C 
*          0    0000049c    00000004     
                  0000049c    00000004     appBLE_pem3.oem3 (.const:ti_sysbios_family_arm_m3_Hwi_ccr__C)

.const:ti_sysbios_family_arm_m3_Hwi_excHandlerFunc__C 
*          0    000004a0    00000004     
                  000004a0    00000004     appBLE_pem3.oem3 (.const:ti_sysbios_family_arm_m3_Hwi_excHandlerFunc__C)

.const:ti_sysbios_family_arm_m3_Hwi_nullIsrFunc__C 
*          0    000004a4    00000004     
                  000004a4    00000004     appBLE_pem3.oem3 (.const:ti_sysbios_family_arm_m3_Hwi_nullIsrFunc__C)

.const:ti_sysbios_family_arm_m3_Hwi_numSparseInterrupts__C 
*          0    000004a8    00000004     
                  000004a8    00000004     appBLE_pem3.oem3 (.const:ti_sysbios_family_arm_m3_Hwi_numSparseInterrupts__C)

.const:ti_sysbios_family_arm_m3_Hwi_priGroup__C 
*          0    000004ac    00000004     
                  000004ac    00000004     appBLE_pem3.oem3 (.const:ti_sysbios_family_arm_m3_Hwi_priGroup__C)

.const:ti_sysbios_family_arm_m3_TaskSupport_stackAlignment__C 
*          0    000004b0    00000004     
                  000004b0    00000004     appBLE_pem3.oem3 (.const:ti_sysbios_family_arm_m3_TaskSupport_stackAlignment__C)

.const:ti_sysbios_heaps_HeapMem_E_memory__C 
*          0    000004b4    00000004     
                  000004b4    00000004     appBLE_pem3.oem3 (.const:ti_sysbios_heaps_HeapMem_E_memory__C)

.const:ti_sysbios_heaps_HeapMem_Module__gateObj__C 
*          0    000004b8    00000004     
                  000004b8    00000004     appBLE_pem3.oem3 (.const:ti_sysbios_heaps_HeapMem_Module__gateObj__C)

.const:ti_sysbios_heaps_HeapMem_Object__count__C 
*          0    000004bc    00000004     
                  000004bc    00000004     appBLE_pem3.oem3 (.const:ti_sysbios_heaps_HeapMem_Object__count__C)

.const:ti_sysbios_heaps_HeapMem_Object__table__C 
*          0    000004c0    00000004     
                  000004c0    00000004     appBLE_pem3.oem3 (.const:ti_sysbios_heaps_HeapMem_Object__table__C)

.const:ti_sysbios_heaps_HeapMem_reqAlign__C 
*          0    000004c4    00000004     
                  000004c4    00000004     appBLE_pem3.oem3 (.const:ti_sysbios_heaps_HeapMem_reqAlign__C)

.const:ti_sysbios_knl_Clock_serviceMargin__C 
*          0    000004c8    00000004     
                  000004c8    00000004     appBLE_pem3.oem3 (.const:ti_sysbios_knl_Clock_serviceMargin__C)

.const:ti_sysbios_knl_Mailbox_Object__count__C 
*          0    000004cc    00000004     
                  000004cc    00000004     appBLE_pem3.oem3 (.const:ti_sysbios_knl_Mailbox_Object__count__C)

.const:ti_sysbios_knl_Mailbox_Object__table__C 
*          0    000004d0    00000004     
                  000004d0    00000004     appBLE_pem3.oem3 (.const:ti_sysbios_knl_Mailbox_Object__table__C)

.const:ti_sysbios_knl_Queue_Object__count__C 
*          0    000004d4    00000004     
                  000004d4    00000004     appBLE_pem3.oem3 (.const:ti_sysbios_knl_Queue_Object__count__C)

.const:ti_sysbios_knl_Queue_Object__table__C 
*          0    000004d8    00000004     
                  000004d8    00000004     appBLE_pem3.oem3 (.const:ti_sysbios_knl_Queue_Object__table__C)

.const:ti_sysbios_knl_Swi_Object__count__C 
*          0    000004dc    00000004     
                  000004dc    00000004     appBLE_pem3.oem3 (.const:ti_sysbios_knl_Swi_Object__count__C)

.const:ti_sysbios_knl_Swi_Object__table__C 
*          0    000004e0    00000004     
                  000004e0    00000004     appBLE_pem3.oem3 (.const:ti_sysbios_knl_Swi_Object__table__C)

.const:ti_sysbios_knl_Swi_numPriorities__C 
*          0    000004e4    00000004     
                  000004e4    00000004     appBLE_pem3.oem3 (.const:ti_sysbios_knl_Swi_numPriorities__C)

.const:ti_sysbios_knl_Task_Object__count__C 
*          0    000004e8    00000004     
                  000004e8    00000004     appBLE_pem3.oem3 (.const:ti_sysbios_knl_Task_Object__count__C)

.const:ti_sysbios_knl_Task_Object__table__C 
*          0    000004ec    00000004     
                  000004ec    00000004     appBLE_pem3.oem3 (.const:ti_sysbios_knl_Task_Object__table__C)

.const:ti_sysbios_knl_Task_allBlockedFunc__C 
*          0    000004f0    00000004     
                  000004f0    00000004     appBLE_pem3.oem3 (.const:ti_sysbios_knl_Task_allBlockedFunc__C)

.const:ti_sysbios_knl_Task_defaultStackHeap__C 
*          0    000004f4    00000004     
                  000004f4    00000004     appBLE_pem3.oem3 (.const:ti_sysbios_knl_Task_defaultStackHeap__C)

.const:ti_sysbios_knl_Task_defaultStackSize__C 
*          0    000004f8    00000004     
                  000004f8    00000004     appBLE_pem3.oem3 (.const:ti_sysbios_knl_Task_defaultStackSize__C)

.const:ti_sysbios_knl_Task_numConstructedTasks__C 
*          0    000004fc    00000004     
                  000004fc    00000004     appBLE_pem3.oem3 (.const:ti_sysbios_knl_Task_numConstructedTasks__C)

.text.3    0    00000500    00000002     
                  00000500    00000002     appBLE_pem3.oem3 (.text:ti_sysbios_BIOS_nullFunc__I)

.const:ti_sysbios_family_arm_cc26xx_Timer_Module__id__C 
*          0    00000502    00000002     
                  00000502    00000002     appBLE_pem3.oem3 (.const:ti_sysbios_family_arm_cc26xx_Timer_Module__id__C)

.const:ti_sysbios_family_arm_cc26xx_TimestampProvider_useClockTimer__C 
*          0    00000504    00000002     
                  00000504    00000002     appBLE_pem3.oem3 (.const:ti_sysbios_family_arm_cc26xx_TimestampProvider_useClockTimer__C)

.const:ti_sysbios_family_arm_m3_Hwi_Module__id__C 
*          0    00000506    00000002     
                  00000506    00000002     appBLE_pem3.oem3 (.const:ti_sysbios_family_arm_m3_Hwi_Module__id__C)

.const:ti_sysbios_gates_GateHwi_Module__id__C 
*          0    00000508    00000002     
                  00000508    00000002     appBLE_pem3.oem3 (.const:ti_sysbios_gates_GateHwi_Module__id__C)

.const:ti_sysbios_gates_GateMutex_Module__id__C 
*          0    0000050a    00000002     
                  0000050a    00000002     appBLE_pem3.oem3 (.const:ti_sysbios_gates_GateMutex_Module__id__C)

.const:ti_sysbios_heaps_HeapMem_Module__id__C 
*          0    0000050c    00000002     
                  0000050c    00000002     appBLE_pem3.oem3 (.const:ti_sysbios_heaps_HeapMem_Module__id__C)

.const:ti_sysbios_knl_Task_initStackFlag__C 
*          0    0000050e    00000002     
                  0000050e    00000002     appBLE_pem3.oem3 (.const:ti_sysbios_knl_Task_initStackFlag__C)

.const:ti_sysbios_knl_Clock_tickMode__C 
*          0    00000510    00000001     
                  00000510    00000001     appBLE_pem3.oem3 (.const:ti_sysbios_knl_Clock_tickMode__C)

.const:xdc_runtime_Startup_firstFxns__C 
*          0    00000514    00000008     
                  00000514    00000008     appBLE_pem3.oem3 (.const:xdc_runtime_Startup_firstFxns__C)

.const:xdc_runtime_Startup_lastFxns__C 
*          0    0000051c    00000008     
                  0000051c    00000008     appBLE_pem3.oem3 (.const:xdc_runtime_Startup_lastFxns__C)

.const:xdc_runtime_Assert_E_assertFailed__C 
*          0    00000524    00000004     
                  00000524    00000004     appBLE_pem3.oem3 (.const:xdc_runtime_Assert_E_assertFailed__C)

.const:xdc_runtime_Error_E_memory__C 
*          0    00000528    00000004     
                  00000528    00000004     appBLE_pem3.oem3 (.const:xdc_runtime_Error_E_memory__C)

.const:xdc_runtime_Error_policyFxn__C 
*          0    0000052c    00000004     
                  0000052c    00000004     appBLE_pem3.oem3 (.const:xdc_runtime_Error_policyFxn__C)

.const:xdc_runtime_IGateProvider_Interface__BASE__C 
*          0    00000530    00000004     
                  00000530    00000004     appBLE_pem3.oem3 (.const:xdc_runtime_IGateProvider_Interface__BASE__C)

.const:xdc_runtime_IHeap_Interface__BASE__C 
*          0    00000534    00000004     
                  00000534    00000004     appBLE_pem3.oem3 (.const:xdc_runtime_IHeap_Interface__BASE__C)

.const:xdc_runtime_IModule_Interface__BASE__C 
*          0    00000538    00000004     
                  00000538    00000004     appBLE_pem3.oem3 (.const:xdc_runtime_IModule_Interface__BASE__C)

.const:xdc_runtime_Main_Module__diagsEnabled__C 
*          0    0000053c    00000004     
                  0000053c    00000004     appBLE_pem3.oem3 (.const:xdc_runtime_Main_Module__diagsEnabled__C)

.const:xdc_runtime_Main_Module__diagsIncluded__C 
*          0    00000540    00000004     
                  00000540    00000004     appBLE_pem3.oem3 (.const:xdc_runtime_Main_Module__diagsIncluded__C)

.const:xdc_runtime_Main_Module__diagsMask__C 
*          0    00000544    00000004     
                  00000544    00000004     appBLE_pem3.oem3 (.const:xdc_runtime_Main_Module__diagsMask__C)

.const:xdc_runtime_Memory_defaultHeapInstance__C 
*          0    00000548    00000004     
                  00000548    00000004     appBLE_pem3.oem3 (.const:xdc_runtime_Memory_defaultHeapInstance__C)

.const:xdc_runtime_Startup_execImpl__C 
*          0    0000054c    00000004     
                  0000054c    00000004     appBLE_pem3.oem3 (.const:xdc_runtime_Startup_execImpl__C)

.const:xdc_runtime_Startup_maxPasses__C 
*          0    00000550    00000004     
                  00000550    00000004     appBLE_pem3.oem3 (.const:xdc_runtime_Startup_maxPasses__C)

.const:xdc_runtime_Startup_sfxnRts__C 
*          0    00000554    00000004     
                  00000554    00000004     appBLE_pem3.oem3 (.const:xdc_runtime_Startup_sfxnRts__C)

.const:xdc_runtime_Startup_sfxnTab__C 
*          0    00000558    00000004     
                  00000558    00000004     appBLE_pem3.oem3 (.const:xdc_runtime_Startup_sfxnTab__C)

.const:xdc_runtime_Startup_startModsFxn__C 
*          0    0000055c    00000004     
                  0000055c    00000004     appBLE_pem3.oem3 (.const:xdc_runtime_Startup_startModsFxn__C)

.const:xdc_runtime_SysCallback_abortFxn__C 
*          0    00000560    00000004     
                  00000560    00000004     appBLE_pem3.oem3 (.const:xdc_runtime_SysCallback_abortFxn__C)

.const:xdc_runtime_SysCallback_exitFxn__C 
*          0    00000564    00000004     
                  00000564    00000004     appBLE_pem3.oem3 (.const:xdc_runtime_SysCallback_exitFxn__C)

.const:xdc_runtime_System_abortFxn__C 
*          0    00000568    00000004     
                  00000568    00000004     appBLE_pem3.oem3 (.const:xdc_runtime_System_abortFxn__C)

.const:xdc_runtime_System_exitFxn__C 
*          0    0000056c    00000004     
                  0000056c    00000004     appBLE_pem3.oem3 (.const:xdc_runtime_System_exitFxn__C)

.const:xdc_runtime_System_maxAtexitHandlers__C 
*          0    00000570    00000004     
                  00000570    00000004     appBLE_pem3.oem3 (.const:xdc_runtime_System_maxAtexitHandlers__C)

.const:xdc_runtime_Text_charTab__C 
*          0    00000574    00000004     
                  00000574    00000004     appBLE_pem3.oem3 (.const:xdc_runtime_Text_charTab__C)

.const:xdc_runtime_Text_nameEmpty__C 
*          0    00000578    00000004     
                  00000578    00000004     appBLE_pem3.oem3 (.const:xdc_runtime_Text_nameEmpty__C)

.const:xdc_runtime_Text_nameStatic__C 
*          0    0000057c    00000004     
                  0000057c    00000004     appBLE_pem3.oem3 (.const:xdc_runtime_Text_nameStatic__C)

.const:xdc_runtime_Text_nameUnknown__C 
*          0    00000580    00000004     
                  00000580    00000004     appBLE_pem3.oem3 (.const:xdc_runtime_Text_nameUnknown__C)

.const:xdc_runtime_Main_Module__id__C 
*          0    00000584    00000002     
                  00000584    00000002     appBLE_pem3.oem3 (.const:xdc_runtime_Main_Module__id__C)

.const:xdc_runtime_Memory_Module__id__C 
*          0    00000586    00000002     
                  00000586    00000002     appBLE_pem3.oem3 (.const:xdc_runtime_Memory_Module__id__C)

.const:xdc_runtime_Text_charCnt__C 
*          0    00000588    00000002     
                  00000588    00000002     appBLE_pem3.oem3 (.const:xdc_runtime_Text_charCnt__C)

.const:xdc_runtime_Text_isLoaded__C 
*          0    0000058a    00000002     
                  0000058a    00000002     appBLE_pem3.oem3 (.const:xdc_runtime_Text_isLoaded__C)

.const:xdc_runtime_Error_policy__C 
*          0    0000058c    00000001     
                  0000058c    00000001     appBLE_pem3.oem3 (.const:xdc_runtime_Error_policy__C)

.const:ti_sysbios_rom_ROM_AONRTCChannelEnable 
*          0    00000590    00000004     
                  00000590    00000004     appBLE_pem3.oem3 (.const:ti_sysbios_rom_ROM_AONRTCChannelEnable)

.const:ti_sysbios_rom_ROM_AONRTCCompareValueSet 
*          0    00000594    00000004     
                  00000594    00000004     appBLE_pem3.oem3 (.const:ti_sysbios_rom_ROM_AONRTCCompareValueSet)

.const:ti_sysbios_rom_ROM_AONRTCCurrentCompareValueGet 
*          0    00000598    00000004     
                  00000598    00000004     appBLE_pem3.oem3 (.const:ti_sysbios_rom_ROM_AONRTCCurrentCompareValueGet)

.const:ti_sysbios_rom_ROM_AONRTCEventClear 
*          0    0000059c    00000004     
                  0000059c    00000004     appBLE_pem3.oem3 (.const:ti_sysbios_rom_ROM_AONRTCEventClear)

.const:ti_sysbios_rom_ROM_ti_sysbios_family_arm_cc26xx_Timer_getCount64__E 
*          0    000005a0    00000004     
                  000005a0    00000004     appBLE_pem3.oem3 (.const:ti_sysbios_rom_ROM_ti_sysbios_family_arm_cc26xx_Timer_getCount64__E)

.const:ti_sysbios_rom_ROM_ti_sysbios_family_arm_cc26xx_Timer_getCurrentTick__E 
*          0    000005a4    00000004     
                  000005a4    00000004     appBLE_pem3.oem3 (.const:ti_sysbios_rom_ROM_ti_sysbios_family_arm_cc26xx_Timer_getCurrentTick__E)

.const:ti_sysbios_rom_ROM_ti_sysbios_family_arm_cc26xx_Timer_getMaxTicks__E 
*          0    000005a8    00000004     
                  000005a8    00000004     appBLE_pem3.oem3 (.const:ti_sysbios_rom_ROM_ti_sysbios_family_arm_cc26xx_Timer_getMaxTicks__E)

.const:ti_sysbios_rom_ROM_ti_sysbios_family_arm_cc26xx_Timer_initDevice__I 
*          0    000005ac    00000004     
                  000005ac    00000004     appBLE_pem3.oem3 (.const:ti_sysbios_rom_ROM_ti_sysbios_family_arm_cc26xx_Timer_initDevice__I)

.const:ti_sysbios_rom_ROM_ti_sysbios_family_arm_cc26xx_Timer_setNextTick__E 
*          0    000005b0    00000004     
                  000005b0    00000004     appBLE_pem3.oem3 (.const:ti_sysbios_rom_ROM_ti_sysbios_family_arm_cc26xx_Timer_setNextTick__E)

.const:ti_sysbios_rom_ROM_ti_sysbios_family_arm_cc26xx_Timer_setThreshold__I 
*          0    000005b4    00000004     
                  000005b4    00000004     appBLE_pem3.oem3 (.const:ti_sysbios_rom_ROM_ti_sysbios_family_arm_cc26xx_Timer_setThreshold__I)

.const:ti_sysbios_rom_ROM_ti_sysbios_family_arm_cc26xx_Timer_start__E 
*          0    000005b8    00000004     
                  000005b8    00000004     appBLE_pem3.oem3 (.const:ti_sysbios_rom_ROM_ti_sysbios_family_arm_cc26xx_Timer_start__E)

.const:ti_sysbios_rom_ROM_ti_sysbios_family_arm_cc26xx_TimestampProvider_get32__E 
*          0    000005bc    00000004     
                  000005bc    00000004     appBLE_pem3.oem3 (.const:ti_sysbios_rom_ROM_ti_sysbios_family_arm_cc26xx_TimestampProvider_get32__E)

.const:ti_sysbios_rom_ROM_xdc_runtime_Startup_getState__I 
*          0    000005c0    00000004     
                  000005c0    00000004     appBLE_pem3.oem3 (.const:ti_sysbios_rom_ROM_xdc_runtime_Startup_getState__I)

.const:ti_sysbios_rom_ROM_xdc_runtime_System_SupportProxy_abort__E 
*          0    000005c4    00000004     
                  000005c4    00000004     appBLE_pem3.oem3 (.const:ti_sysbios_rom_ROM_xdc_runtime_System_SupportProxy_abort__E)

.const:ti_sysbios_rom_ROM_xdc_runtime_System_SupportProxy_exit__E 
*          0    000005c8    00000004     
                  000005c8    00000004     appBLE_pem3.oem3 (.const:ti_sysbios_rom_ROM_xdc_runtime_System_SupportProxy_exit__E)

.const:ti_sysbios_gates_GateMutex_Instance_State_sem__O 
*          0    000005cc    00000004     
                  000005cc    00000004     appBLE_pem3.oem3 (.const:ti_sysbios_gates_GateMutex_Instance_State_sem__O)

.const:ti_sysbios_knl_Clock_Module_State_clockQ__O 
*          0    000005d0    00000004     
                  000005d0    00000004     appBLE_pem3.oem3 (.const:ti_sysbios_knl_Clock_Module_State_clockQ__O)

.const:ti_sysbios_knl_Mailbox_Instance_State_dataQue__O 
*          0    000005d4    00000004     
                  000005d4    00000004     appBLE_pem3.oem3 (.const:ti_sysbios_knl_Mailbox_Instance_State_dataQue__O)

.const:ti_sysbios_knl_Mailbox_Instance_State_dataSem__O 
*          0    000005d8    00000004     
                  000005d8    00000004     appBLE_pem3.oem3 (.const:ti_sysbios_knl_Mailbox_Instance_State_dataSem__O)

.const:ti_sysbios_knl_Mailbox_Instance_State_freeQue__O 
*          0    000005dc    00000004     
                  000005dc    00000004     appBLE_pem3.oem3 (.const:ti_sysbios_knl_Mailbox_Instance_State_freeQue__O)

.const:ti_sysbios_knl_Mailbox_Instance_State_freeSem__O 
*          0    000005e0    00000004     
                  000005e0    00000004     appBLE_pem3.oem3 (.const:ti_sysbios_knl_Mailbox_Instance_State_freeSem__O)

.const:ti_sysbios_knl_Semaphore_Instance_State_pendQ__O 
*          0    000005e4    00000004     
                  000005e4    00000004     appBLE_pem3.oem3 (.const:ti_sysbios_knl_Semaphore_Instance_State_pendQ__O)

.const:ti_sysbios_knl_Task_Module_State_inactiveQ__O 
*          0    000005e8    00000004     
                  000005e8    00000004     appBLE_pem3.oem3 (.const:ti_sysbios_knl_Task_Module_State_inactiveQ__O)

.text.4    0    000005ec    0000620c     
                  000005ec    00000376     driverlib.lib : setup.obj (.text:HapiTrimDeviceShutDown$34)
                  00000962    00000002     sysbios.aem3 : mangled__BIOS_lib.obj (.text:ti_sysbios_family_arm_cc26xx_Power_defaultClockFunc__E)
                  00000964    0000034c                  : mangled__BIOS_lib.obj (.text:ti_sysbios_family_arm_cc26xx_Power_auxISR__E)
                  00000cb0    000002f4                  : mangled__BIOS_lib.obj (.text:ti_sysbios_family_arm_cc26xx_Power_sleep__E)
                  00000fa4    00000228     peripheral.obj (.text:gapRole_processGAPMsg$8)
                  000011cc    00000224     peripheral.obj (.text:GAPRole_SetParameter)
                  000013f0    000001f4     rtsv7M3_T_le_eabi.lib : ull_div_t2.obj (.text)
                  000015e4    000001c6     driverlib.lib : sys_ctrl.obj (.text:SysCtrlSetRechargeBeforePowerDown)
                  000017aa    00000002     sysbios.aem3 : mangled__BIOS_lib.obj (.text:ti_sysbios_family_arm_cc26xx_Power_defaultNotifyTrapFunc__E)
                  000017ac    0000019c     heartRate.obj (.text:HeartRate_init$17)
                  00001948    00000188     PINCC26XX.obj (.text:PIN_init)
                  00001ad0    00000134     FBM320.obj (.text:FMTISensor_Calculate)
                  00001c04    00000124     peripheral.obj (.text:GAPRole_GetParameter)
                  00001d28    0000011c     FBM320.obj (.text:FMTISensor_ReadCoefficient)
                  00001e44    0000010c     heartRate.obj (.text:HeartRate_measNotify$17)
                  00001f50    00000104     sysbios.aem3 : mangled__BIOS_lib.obj (.text:calibrateRcoscHf1$28)
                  00002054    000000f8                  : mangled__BIOS_lib.obj (.text:ti_sysbios_family_arm_cc26xx_Power_startFirstMeasurement__E)
                  0000214c    000000f6     driverlib.lib : setup.obj (.text:GetTrimForAnabypassValue1$34)
                  00002242    00000002     appBLE_pem3.oem3 (.text:ti_sysbios_rom_cortexm_cc26xx_CC26xx_badRomRevision__E)
                  00002244    000000f4     peripheral.obj (.text:gapRole_taskFxn$8)
                  00002338    000000f0     sysbios.aem3 : mangled__BIOS_lib.obj (.text:ti_sysbios_family_arm_cc26xx_Power_standbyPolicy__E)
                  00002428    000000ec     ICall.obj (.text:ICall_primWaitMatch$11)
                  00002514    000000e0     drivers_cc26xxware.aem3 : I2CCC26XX.oem3 (.text:I2CCC26XX_hwiFxn)
                  000025f4    000000d8                             : I2CCC26XX.oem3 (.text:I2CCC26XX_open)
                  000026cc    000000d8     sysbios.aem3 : mangled__BIOS_lib.obj (.text:ti_sysbios_family_arm_cc26xx_Power_setDependency__E)
                  000027a4    000000d4     board_key.obj (.text:Board_initKeys)
                  00002878    000000d0     sysbios.aem3 : mangled__BIOS_lib.obj (.text:ti_sysbios_family_arm_cc26xx_Power_releaseDependency__E)
                  00002948    000000c4     drivers_cc26xxware.aem3 : I2CCC26XX.oem3 (.text:I2CCC26XX_transfer)
                  00002a0c    000000b4     driverlib.lib : setup.obj (.text:trimDevice)
                  00002ac0    000000b0     PINCC26XX.obj (.text:PINCC26XX_setIoCfg$13)
                  00002b70    000000b0     devinfoservice.obj (.text:devInfo_ReadAttrCB$4)
                  00002c20    000000b0     sysbios.aem3 : mangled__BIOS_lib.obj (.text:ti_sysbios_knl_Clock_workFuncDynamic__E)
                  00002cd0    000000a8     BMA250E.obj (.text:BMASensor_get)
                  00002d78    000000a4     sysbios.aem3 : mangled__BIOS_lib.obj (.text:ti_sysbios_family_arm_cc26xx_Power_initiateCalibration__E)
                  00002e1c    000000a0     heartRate.obj (.text:HeartRate_taskFxn$17)
                  00002ebc    000000a0     auto_init.aem3 : auto_init.oem3 (.text)
                  00002f5c    000000a0     peripheral.obj (.text:gapRole_init$8)
                  00002ffc    0000009c     rtsv7M3_T_le_eabi.lib : memcpy_t2.obj (.text)
                  00003098    00000094     driverlib.lib : osc.obj (.text:OSCHF_GetStartupTime)
                  0000312c    00000090     PINCC26XX.obj (.text:PIN_open)
                  000031bc    0000008c     sysbios.aem3 : mangled__BIOS_lib.obj (.text:ti_sysbios_family_arm_cc26xx_Power_LF_clockFunc__E)
                  00003248    0000008c                  : mangled__BIOS_lib.obj (.text:ti_sysbios_family_arm_cc26xx_Power_Module_startup__E)
                  000032d4    00000088     drivers_cc26xxware.aem3 : I2CCC26XX.oem3 (.text:I2CCC26XX_close)
                  0000335c    00000088     sysbios.aem3 : mangled__BIOS_lib.obj (.text:ti_sysbios_family_arm_cc26xx_Timer_start__E)
                  000033e4    00000084     driverlib.lib : setup.obj (.text:GetTrimForAmpcompCtrl$34)
                  00003468    00000084     ICall.obj (.text:ICall_heapMalloc)
                  000034ec    00000084     ICall.obj (.text:ICall_primSetTimer$11)
                  00003570    0000007c     ICall.obj (.text:ICall_createRemoteTasks)
                  000035ec    0000007c     heartrateservice.obj (.text:heartRate_WriteAttrCB$7)
                  00003668    0000007a     rtsv7M3_T_le_eabi.lib : memset_t2.obj (.text)
                  000036e2    00000002     sysbios.aem3 : mangled__BIOS_lib.obj (.text:xdc_runtime_SysCallback_defaultAbort)
                  000036e4    00000074     ICall.obj (.text:ICall_primSend$11)
                  00003758    00000072     driverlib.lib : chipinfo.obj (.text:ChipInfo_GetHwRevision)
                  000037ca    00000002     sysbios.aem3 : mangled__BIOS_lib.obj (.text:xdc_runtime_SysCallback_defaultExit)
                  000037cc    00000070     peripheral.obj (.text:gapRole_startConnUpdate$8)
                  0000383c    0000006c     ICallCC2650.obj (.text:ICallPlatform_pwrUpdActivityCounter)
                  000038a8    0000006c     driverlib.lib : sys_ctrl.obj (.text:SysCtrl_DCDC_VoltageConditionalControl)
                  00003914    0000006a     rtsv7M3_T_le_eabi.lib : copy_decompress_rle.obj (.text)
                  0000397e    00000068     drivers_cc26xxware.aem3 : I2CCC26XX.oem3 (.text:I2CCC26XX_primeTransfer)
                  000039e6    00000064     driverlib.lib : osc.obj (.text:OSCHF_AttemptToSwitchToXosc)
                  00003a4a    00000062                   : sys_ctrl.obj (.text:SysCtrlAdjustRechargeAfterPowerDown)
                  00003aac    00000060     drivers_cc26xxware.aem3 : I2CCC26XX.oem3 (.text:I2CCC26XX_initIO)
                  00003b0c    00000060     battservice.obj (.text:battReadAttrCB$3)
                  00003b6c    00000060     appBLE_pem3.oem3 (.text:ti_sysbios_family_arm_cc26xx_Power_XOSC_HF_clockFunc__E)
                  00003bcc    00000060     sysbios.aem3 : mangled__BIOS_lib.obj (.text:ti_sysbios_family_arm_cc26xx_Timer_setNextTick__E)
                  00003c2c    0000005c     appBLE_pem3.oem3 (.text:xdc_runtime_Startup_getState__I)
                  00003c88    0000005a     driverlib.lib : ddi.obj (.text:NOROM_DDI16BitfieldWrite)
                  00003ce2    00000002     --HOLE-- [fill = 0]
                  00003ce4    00000058     ICall.obj (.text:ICall_primEnroll$11)
                  00003d3c    00000058     sysbios.aem3 : mangled__BIOS_lib.obj (.text:ti_sysbios_family_arm_cc26xx_Power_notify__I)
                  00003d94    00000054     drivers_cc26xxware.aem3 : I2CCC26XX.oem3 (.text:I2CCC26XX_completeTransfer)
                  00003de8    00000054     ICallCC2650.obj (.text:ICallPlatform_pwrRegisterNotify)
                  00003e3c    00000054     ICall.obj (.text:ICall_primThreadServes$11)
                  00003e90    00000054     PINCC26XX.obj (.text:PIN_remove)
                  00003ee4    00000052     ICall.obj (.text:ICall_primWait$11)
                  00003f36    00000052     driverlib.lib : osc.obj (.text:NOROM_OSCClockSourceSet)
                  00003f88    00000050     board_key.obj (.text:Board_keyCallback$16)
                  00003fd8    00000050     ICallBleAPI.obj (.text:GAP_DeviceInit)
                  00004028    00000050     ICallBleAPI.obj (.text:GAP_UpdateAdvertisingData)
                  00004078    00000050     heartRate.obj (.text:HeartRate_handleKeys$17)
                  000040c8    00000050     drivers_cc26xxware.aem3 : I2CCC26XX.oem3 (.text:I2CCC26XX_initHw)
                  00004118    00000050     ICall.obj (.text:ICall_primGetEntityId$11)
                  00004168    00000050     ICall.obj (.text:ICall_primRegisterApp$11)
                  000041b8    0000004c     peripheral.obj (.text:GAPRole_SendUpdateParam)
                  00004204    0000004c     ICall.obj (.text:ICall_newTask$11)
                  00004250    0000004c     battservice.obj (.text:battWriteAttrCB$3)
                  0000429c    0000004c     peripheral.obj (.text:gapRole_processStackMsg$8)
                  000042e8    0000004c     rtsv7M3_T_le_eabi.lib : cpy_tbl.obj (.text)
                  00004334    0000004a     gattservapp_util.obj (.text:GATTServApp_ProcessCCCWriteReq)
                  0000437e    00000002     --HOLE-- [fill = 0]
                  00004380    00000048     FBM320.obj (.text:FBM320_init)
                  000043c8    00000048     PINCC26XX.obj (.text:PIN_Isr$13)
                  00004410    00000048     util.obj (.text:Util_constructClock)
                  00004458    00000048     battservice.obj (.text:battNotify$3)
                  000044a0    00000048     ICallBleAPI.obj (.text:gapSendParamAndPtrCmd$9)
                  000044e8    00000048     ICallBleAPI.obj (.text:gattIndNoti$9)
                  00004530    00000046     driverlib.lib : ddi.obj (.text:NOROM_DDI16BitfieldRead)
                  00004576    00000002     --HOLE-- [fill = 0]
                  00004578    00000044     ICallBleAPI.obj (.text:GAP_TerminateLinkReq)
                  000045bc    00000044     boot.aem3 : boot.oem3 (.text)
                  00004600    00000044     rtsv7M3_T_le_eabi.lib : exit.obj (.text)
                  00004644    00000044     sysbios.aem3 : mangled__BIOS_lib.obj (.text:ti_sysbios_family_arm_cc26xx_Timer_initDevice__I)
                  00004688    00000042     ICall.obj (.text:ICall_primCreateSemaphore$11)
                  000046ca    00000042     ICall.obj (.text:ICall_primCreateTask$11)
                  0000470c    00000040     FBM320.obj (.text:FMTISensor_Write_U8)
                  0000474c    00000040     peripheral.obj (.text:GAPRole_createTask)
                  0000478c    00000040     driverlib.lib : osc.obj (.text:NOROM_OSCInterfaceEnable)
                  000047cc    00000040     appBLE_pem3.oem3 (.text:ti_sysbios_family_arm_cc26xx_Power_XOSC_HF)
                  0000480c    00000040     sysbios.aem3 : mangled__BIOS_lib.obj (.text:ti_sysbios_family_arm_cc26xx_Power_isStableXOSC_HF__E)
                  0000484c    00000040                  : mangled__BIOS_lib.obj (.text:ti_sysbios_family_arm_cc26xx_Timer_getCurrentTick__E)
                  0000488c    0000003c     FBM320.obj (.text:FMTISensor_Read_U8)
                  000048c8    0000003c     ICallBleAPI.obj (.text:GAP_GetParamValue)
                  00004904    0000003c     ICallBleAPI.obj (.text:GATTServApp_RegisterService)
                  00004940    0000003c     heartRate.obj (.text:HeartRate_createTask)
                  0000497c    0000003c     ICallCC2650.obj (.text:ICallPlatform_pwrConfigACAction)
                  000049b8    0000003c     ICallBleAPI.obj (.text:profileSetParameter$9)
                  000049f4    0000003c     ICallBleAPI.obj (.text:sendWaitMatchCS$9)
                  00004a30    0000003c     ICallBleAPI.obj (.text:sendWaitMatchValueCS$9)
                  00004a6c    0000003c     sysbios.aem3 : mangled__BIOS_lib.obj (.text:ti_sysbios_family_arm_cc26xx_Power_releaseConstraint__E)
                  00004aa8    00000038     BMA250E.obj (.text:BMASensor_Read_U8)
                  00004ae0    00000038     ICallBleAPI.obj (.text:GAPBondMgr_LinkEst)
                  00004b18    00000038     drivers_cc26xxware.aem3 : I2C.oem3 (.text:I2C_init)
                  00004b50    00000038     ICall.obj (.text:ICall_primGetMaxMSecs$11)
                  00004b88    00000038     util.obj (.text:Util_restartClock)
                  00004bc0    00000038     battservice.obj (.text:battMeasure$3)
                  00004bf8    00000038     battservice.obj (.text:battNotifyLevel$3)
                  00004c30    00000038     ICallBleAPI.obj (.text:linkDB_NumConns)
                  00004c68    00000038     sysbios.aem3 : mangled__BIOS_lib.obj (.text:ti_sysbios_family_arm_cc26xx_Power_setConstraint__E)
                  00004ca0    00000038                  : mangled__BIOS_lib.obj (.text:ti_sysbios_family_arm_cc26xx_Timer_setThreshold__I)
                  00004cd8    00000036     ICallCC2650.obj (.text:ICallPlatform_pwrDispenseImpl$12)
                  00004d0e    00000036     ICallCC2650.obj (.text:ICallPlatform_pwrRequireImpl$12)
                  00004d44    00000036     ICall.obj (.text:ICall_primWaitSemaphore$11)
                  00004d7a    00000002     --HOLE-- [fill = 0]
                  00004d7c    00000034     BMA250E.obj (.text:BMASensor_Write_U8)
                  00004db0    00000034     driverlib.lib : chipinfo.obj (.text:ChipInfo_GetChipFamily)
                  00004de4    00000034     ICallBleAPI.obj (.text:GAPBondMgr_SetParameter)
                  00004e18    00000034     ICallBleAPI.obj (.text:GAP_SetParamValue)
                  00004e4c    00000034     heartrateservice.obj (.text:HeartRate_MeasNotify)
                  00004e80    00000034     ICall.obj (.text:ICall_primEntityId2ServiceId$11)
                  00004eb4    00000034     ICall.obj (.text:ICall_primFetchMsg$11)
                  00004ee8    00000034     ICall.obj (.text:ICall_primRegisterISR$11)
                  00004f1c    00000034     ICall.obj (.text:ICall_primRegisterISR_Ext$11)
                  00004f50    00000034     ICall.obj (.text:ICall_searchServiceEntity$11)
                  00004f84    00000034     driverlib.lib : setup.obj (.text:SetAonRtcSubSecInc$34)
                  00004fb8    00000034     ICallBleAPI.obj (.text:osal_snv_read)
                  00004fec    00000034     ICallBleAPI.obj (.text:osal_snv_write)
                  00005020    00000034     ICallBleAPI.obj (.text:profileAddService$9)
                  00005054    00000032     heartRate.obj (.text:HeartRate_toggleAdvertising$17)
                  00005086    00000032     driverlib.lib : osc.obj (.text:OSCHF_SwitchToRcOscTurnOffXosc)
                  000050b8    00000032     ICallBleAPI.obj (.text:gapSendParamsCmd$9)
                  000050ea    00000032     ICallBleAPI.obj (.text:gapSendPtrParamsCmd$9)
                  0000511c    00000032     heartrateservice.obj (.text:heartRate_ReadAttrCB$7)
                  0000514e    00000032     ICallBleAPI.obj (.text:matchGapSetGetParamCS$9)
                  00005180    00000032     ICallBleAPI.obj (.text:matchGattCmdStatus$9)
                  000051b2    00000032     ICallBleAPI.obj (.text:matchUtilNvCS$9)
                  000051e4    00000030     BMA250E.obj (.text:BMA250E_init)
                  00005214    00000030     FBM320.obj (.text:FBMSensor_get)
                  00005244    00000030     heartRate.obj (.text:HeartRate_heartRateEvt$17)
                  00005274    00000030     ICallCC2650.obj (.text:ICallPlatform_pwrNotify$12)
                  000052a4    00000030     ICall.obj (.text:ICall_heapInit)
                  000052d4    00000030     ICall.obj (.text:ICall_msecs2Ticks$11)
                  00005304    00000030     appBLE_pem3.oem3 (.text:ti_sysbios_BIOS_atExitFunc__I)
                  00005334    00000030     sysbios.aem3 : mangled__BIOS_lib.obj (.text:ti_sysbios_family_arm_cc26xx_Power_registerNotify__E)
                  00005364    00000030                  : mangled__BIOS_lib.obj (.text:ti_sysbios_family_arm_cc26xx_Power_switchXOSC_HF__E)
                  00005394    0000002e     driverlib.lib : setup.obj (.text:GetTrimForRadcExtCfg$34)
                  000053c2    0000002e     heartRate.obj (.text:HeartRate_processAppMsg$17)
                  000053f0    0000002e     heartRate.obj (.text:ICall_fetchServiceMsg$17)
                  0000541e    0000002e     peripheral.obj (.text:ICall_fetchServiceMsg$8)
                  0000544c    0000002e     ICall.obj (.text:ICall_msgDequeue$11)
                  0000547a    0000002e     util.obj (.text:Util_enqueueMsg)
                  000054a8    0000002e     ICallBleAPI.obj (.text:matchProfileAddServiceCS$9)
                  000054d6    0000002c     driverlib.lib : aon_batmon.obj (.text:AONBatMonTemperatureGetDegC)
                  00005502    00000002     --HOLE-- [fill = 0]
                  00005504    0000002c     ICall.obj (.text:ICall_heapFree)
                  00005530    0000002c     battservice.obj (.text:ICall_malloc$3)
                  0000555c    0000002c     heartrateservice.obj (.text:ICall_malloc$7)
                  00005588    0000002c     ICall.obj (.text:ICall_msgEnqueue$11)
                  000055b4    0000002c     ICall.obj (.text:ICall_primAllocMsg$11)
                  000055e0    0000002c     ICall.obj (.text:ICall_primFetchServiceMsg$11)
                  0000560c    0000002c     ICall.obj (.text:ICall_searchTask$11)
                  00005638    0000002c     ICallBleAPI.obj (.text:ICall_sendServiceMsg$9)
                  00005664    0000002c     driverlib.lib : aon_rtc.obj (.text:NOROM_AONRTCCurrentCompareValueGet)
                  00005690    0000002c     PINCC26XX.obj (.text:PIN_setConfig)
                  000056bc    0000002a     ICallBleAPI.obj (.text:ICall_waitMatch$9)
                  000056e6    0000002a     ICallBleAPI.obj (.text:matchProfileCS$9)
                  00005710    00000028     battservice.obj (.text:Batt_AddService)
                  00005738    00000028     ICallBleAPI.obj (.text:GAPBondMgr_Register)
                  00005760    00000028     gattservapp_util.obj (.text:GATTServApp_WriteCharCfg)
                  00005788    00000028     driverlib.lib : setup.obj (.text:GetTrimForAmpcompTh2$34)
                  000057b0    00000028     heartrateservice.obj (.text:HeartRate_AddService)
                  000057d8    00000028     heartRate.obj (.text:HeartRate_measPerTask$17)
                  00005800    00000028     ICall.obj (.text:ICall_init)
                  00005828    00000028     ICall.obj (.text:ICall_msgPrepend$11)
                  00005850    00000028     heartRate.obj (.text:ICall_registerApp$17)
                  00005878    00000028     peripheral.obj (.text:ICall_registerApp$8)
                  000058a0    00000028     PINCC26XX.obj (.text:PINCC26XX_setMux)
                  000058c8    00000028     gattservapp_util.obj (.text:gattServApp_FindCharCfgItem$6)
                  000058f0    00000028     appBLE_pem3.oem3 (.text:ti_sysbios_family_arm_cc26xx_Power_isDependencyActive)
                  00005918    00000028     sysbios.aem3 : mangled__BIOS_lib.obj (.text:ti_sysbios_family_arm_cc26xx_Timer_getMaxTicks__E)
                  00005940    00000026     driverlib.lib : osc.obj (.text:NOROM_OSCClockSourceGet)
                  00005966    00000024     ICallBleAPI.obj (.text:GAPBondMgr_LinkTerm)
                  0000598a    00000002     --HOLE-- [fill = 0]
                  0000598c    00000024     heartRate.obj (.text:HeartRate_battEvt$17)
                  000059b0    00000024     heartRate.obj (.text:HeartRate_enqueueMsg$17)
                  000059d4    00000024     ICallBleAPI.obj (.text:ICall_getLocalMsgEntityId$9)
                  000059f8    00000024     ICallBleAPI.obj (.text:ICall_threadServes$9)
                  00005a1c    00000024     appBLE_pem3.oem3 (.text:ti_sysbios_BIOS_registerRTSLock__I)
                  00005a40    00000024     appBLE_pem3.oem3 (.text:ti_sysbios_BIOS_removeRTSLock__I)
                  00005a64    00000024     appBLE_pem3.oem3 (.text:ti_sysbios_BIOS_startFunc__I)
                  00005a88    00000024     sysbios.aem3 : mangled__BIOS_lib.obj (.text:ti_sysbios_family_arm_cc26xx_Timer_dynamicStub__E)
                  00005aac    00000022     driverlib.lib : setup.obj (.text:GetTrimForAmpcompTh1$34)
                  00005ace    00000022     ICall.obj (.text:ICall_dispatch$11)
                  00005af0    00000022     util.obj (.text:ICall_malloc$18)
                  00005b12    00000002     --HOLE-- [fill = 0]
                  00005b14    00000020     FBM320.obj (.text:FBMSensor_Start)
                  00005b34    00000020     FBM320.obj (.text:FMTISensor_ReadADC_U32)
                  00005b54    00000020     gattservapp_util.obj (.text:GATTServApp_InitCharCfg)
                  00005b74    00000020     driverlib.lib : setup.obj (.text:GetTrimForRcOscLfRtuneCtuneTrim$34)
                  00005b94    00000020                   : setup.obj (.text:GetTrimForXoscHfCtl$34)
                  00005bb4    00000020     ICallBleAPI.obj (.text:ICall_allocMsg$9)
                  00005bd4    00000020     ICallBleAPI.obj (.text:ICall_getEntityId$9)
                  00005bf4    00000020     heartRate.obj (.text:ICall_malloc$17)
                  00005c14    00000020     ICall.obj (.text:ICall_primService$11)
                  00005c34    00000020     ICall.obj (.text:ICall_searchService$11)
                  00005c54    00000020     util.obj (.text:Util_dequeueMsg)
                  00005c74    00000020     appBLE_pem3.oem3 (.text:ti_sysbios_BIOS_rtsLock__I)
                  00005c94    00000020     sysbios.aem3 : mangled__BIOS_lib.obj (.text:ti_sysbios_family_arm_cc26xx_TimestampProvider_get32__E)
                  00005cb4    0000001e     ICall.obj (.text:ICall_primSendServiceMsg$11)
                  00005cd2    0000001e     PINCC26XX.obj (.text:PIN_close)
                  00005cf0    0000001e     main.obj (.text:main)
                  00005d0e    0000001e     ICallBleAPI.obj (.text:waitMatchCS$9)
                  00005d2c    0000001c     battservice.obj (.text:Batt_MeasLevel)
                  00005d48    0000001c     ICallBleAPI.obj (.text:GATT_bm_alloc)
                  00005d64    0000001c     ICallBleAPI.obj (.text:GATT_bm_free)
                  00005d80    0000001c     heartRate.obj (.text:HeartRate_battPerTask$17)
                  00005d9c    0000001c     heartRate.obj (.text:ICall_wait$17)
                  00005db8    0000001c     peripheral.obj (.text:ICall_wait$8)
                  00005dd4    0000001c     PINCC26XX.obj (.text:PINCC26XX_setIoCfgMux$13)
                  00005df0    0000001c     peripheral.obj (.text:gapRole_HandleParamUpdateNoSuccess$8)
                  00005e0c    0000001c     ICallBleAPI.obj (.text:getStatusValueFromErrNo$9)
                  00005e28    0000001c     sysbios.aem3 : mangled__BIOS_lib.obj (.text:ti_sysbios_family_arm_cc26xx_Power_unregisterNotify__E)
                  00005e44    0000001a     ICall.obj (.text:ICall_enterCSImpl)
                  00005e5e    0000001a     ICall.obj (.text:ICall_primSetTimerMSecs$11)
                  00005e78    0000001a     driverlib.lib : osc.obj (.text:OSCHF_TurnOnXosc)
                  00005e92    0000001a     ICallBleAPI.obj (.text:matchGattIndNotiCS$9)
                  00005eac    00000018     battservice.obj (.text:Batt_SetParameter)
                  00005ec4    00000018     driverlib.lib : chipinfo.obj (.text:ChipInfo_GetPackageType)
                  00005edc    00000018     peripheral.obj (.text:GAPRole_StartDevice)
                  00005ef4    00000018     peripheral.obj (.text:GAPRole_TerminateConnection)
                  00005f0c    00000018     ICallBleAPI.obj (.text:GATT_Notification)
                  00005f24    00000018     driverlib.lib : setup.obj (.text:GetTrimForAdcShModeEn$34)
                  00005f3c    00000018                   : setup.obj (.text:GetTrimForAdcShVbufEn$34)
                  00005f54    00000018                   : setup.obj (.text:GetTrimForDblrLoopFilterResetVoltage$34)
                  00005f6c    00000018                   : setup.obj (.text:GetTrimForRcOscLfIBiasTrim$34)
                  00005f84    00000018                   : setup.obj (.text:GetTrimForXoscHfIbiastherm$34)
                  00005f9c    00000018                   : setup.obj (.text:GetTrimForXoscLfRegulatorAndCmirrwrRatio$34)
                  00005fb4    00000018     heartRate.obj (.text:HeartRate_clockHandler$17)
                  00005fcc    00000018     drivers_cc26xxware.aem3 : I2C.oem3 (.text:I2C_open)
                  00005fe4    00000018     ICallCC2650.obj (.text:ICallPlatform_pwrDispense)
                  00005ffc    00000018     ICallCC2650.obj (.text:ICallPlatform_pwrRequire)
                  00006014    00000018     heartRate.obj (.text:ICall_free$17)
                  0000602c    00000018     util.obj (.text:ICall_free$18)
                  00006044    00000018     ICall.obj (.text:ICall_freeMsg$11)
                  0000605c    00000018     heartRate.obj (.text:ICall_freeMsg$17)
                  00006074    00000018     peripheral.obj (.text:ICall_freeMsg$8)
                  0000608c    00000018     ICallBleAPI.obj (.text:ICall_freeMsg$9)
                  000060a4    00000018     ICall.obj (.text:ICall_initPrim$11)
                  000060bc    00000018     ICall.obj (.text:ICall_primMalloc$11)
                  000060d4    00000018     util.obj (.text:Util_constructQueue)
                  000060ec    00000018     peripheral.obj (.text:gapRole_setEvent$8)
                  00006104    00000018     rtsv7M3_T_le_eabi.lib : args_main.obj (.text)
                  0000611c    00000018                           : ll_mul_t2.obj (.text)
                  00006134    00000018     appBLE_pem3.oem3 (.text:ti_sysbios_BIOS_rtsUnlock__I)
                  0000614c    00000018     appBLE_pem3.oem3 (.text:ti_sysbios_family_arm_cc26xx_Power_RFCORECLKS)
                  00006164    00000018     sysbios.aem3 : mangled__BIOS_lib.obj (.text:ti_sysbios_family_arm_cc26xx_Timer_getCount64__E)
                  0000617c    00000018     appBLE_pem3.oem3 (.text:ti_sysbios_rom_cortexm_cc26xx_CC26xx_checkRevision__E)
                  00006194    00000016     driverlib.lib : setup.obj (.text:GetTrimForXoscHfFastStart$34)
                  000061aa    00000016     ICall.obj (.text:ICall_abort$11)
                  000061c0    00000016     ICall.obj (.text:ICall_leaveCSImpl)
                  000061d6    00000016     ICall.obj (.text:ICall_primStopTimer$11)
                  000061ec    00000016     appBLE_pem3.oem3 (.text:ti_sysbios_BIOS_exitFunc__I)
                  00006202    00000002     --HOLE-- [fill = 0]
                  00006204    00000014     battservice.obj (.text:Batt_Register)
                  00006218    00000014     board_key.obj (.text:Board_keyChangeHandler$16)
                  0000622c    00000014     devinfoservice.obj (.text:DevInfo_AddService)
                  00006240    00000014     drivers_cc26xxware.aem3 : I2CCC26XX.oem3 (.text:I2CCC26XX_init)
                  00006254    00000014     ICallCC2650.obj (.text:ICallPlatform_pwrIsStableXOSCHF)
                  00006268    00000014     PINCC26XX.obj (.text:PINCC26XX_getInputValue$13)
                  0000627c    00000014     driverlib.lib : chipinfo.obj (.text:ThisCodeIsBuiltForCC26xxHwRev22AndLater_HaltIfViolated)
                  00006290    00000014     rtsv7M3_T_le_eabi.lib : _lock.obj (.text)
                  000062a4    00000014                           : strlen.obj (.text)
                  000062b8    00000014     ICallBleAPI.obj (.text:setICallCmdEvtHdr$9)
                  000062cc    00000014     appBLE_pem3.oem3 (.text:ti_sysbios_knl_Clock_doTick__I)
                  000062e0    00000012     appBLE_pem3.oem3 (.text:xdc_runtime_Startup_exec__I)
                  000062f2    00000002     --HOLE-- [fill = 0]
                  000062f4    00000010     devinfoservice.obj (.text:DevInfo_SetParameter)
                  00006304    00000010     ICallBleAPI.obj (.text:GAP_EndDiscoverable)
                  00006314    00000010     gattservapp_util.obj (.text:GATTServApp_ReadCharCfg)
                  00006324    00000010     heartrateservice.obj (.text:HeartRate_Register)
                  00006334    00000010     drivers_cc26xxware.aem3 : I2C.oem3 (.text:I2C_Params_init)
                  00006344    00000010     ICallCC2650.obj (.text:ICallPlatform_pwrGetXOSCStartupTime)
                  00006354    00000010     ICall.obj (.text:ICall_primGetTickPeriod$11)
                  00006364    00000010     ICall.obj (.text:ICall_taskEntry$11)
                  00006374    00000010     FBM320.obj (.text:Measure_Handle$15)
                  00006384    00000010     util.obj (.text:Util_isActive)
                  00006394    00000010     drivers_cc26xxware.aem3 : I2CCC26XX.oem3 (.text:i2cPostNotify)
                  000063a4    0000000e     ICallCC2650.obj (.text:ICallPlatform_pwrGetTransitionState)
                  000063b2    0000000e     ICall.obj (.text:ICall_primDisableMInt$11)
                  000063c0    0000000e     ICall.obj (.text:ICall_primEnableMInt$11)
                  000063ce    0000000e     ICall.obj (.text:ICall_primFreeMsg$11)
                  000063dc    0000000e     ICall.obj (.text:ICall_primGetTicks$11)
                  000063ea    0000000e     driverlib.lib : vims.obj (.text:NOROM_VIMSModeGet)
                  000063f8    0000000e                   : setup.obj (.text:SignExtendVddrTrimValue$34)
                  00006406    0000000e     rtsv7M3_T_le_eabi.lib : copy_decompress_none.obj (.text:decompress:none)
                  00006414    0000000e     ICallBleAPI.obj (.text:matchGSARegisterServiceCS$9)
                  00006422    0000000e     ICallBleAPI.obj (.text:matchGapLinkEstCS$9)
                  00006430    0000000e     ICallBleAPI.obj (.text:matchLinkDBNumConnsCS$9)
                  0000643e    0000000e     ICallBleAPI.obj (.text:setDispatchCmdEvtHdr$9)
                  0000644c    0000000c     ICallBleAPI.obj (.text:GAP_MakeDiscoverable)
                  00006458    0000000c     ICallBleAPI.obj (.text:GAP_TerminateAuth)
                  00006464    0000000c     ICallBleAPI.obj (.text:GAP_UpdateLinkParamReq)
                  00006470    0000000c     ICallBleAPI.obj (.text:GGS_SetParameter)
                  0000647c    0000000c     heartrateservice.obj (.text:HeartRate_SetParameter)
                  00006488    0000000c     heartRate.obj (.text:HeartRate_processGattMsg$17)
                  00006494    0000000c     heartRate.obj (.text:HeartRate_processStackMsg$17)
                  000064a0    0000000c     ICall.obj (.text:ICall_clockFunc$11)
                  000064ac    0000000c     ICall.obj (.text:ICall_primDisableInt$11)
                  000064b8    0000000c     ICall.obj (.text:ICall_primEnableInt$11)
                  000064c4    0000000c     ICall.obj (.text:ICall_primFree$11)
                  000064d0    0000000c     ICall.obj (.text:ICall_primSignal$11)
                  000064dc    0000000c     driverlib.lib : cpu.obj (.text:NOROM_CPUcpsid)
                  000064e8    0000000c                   : cpu.obj (.text:NOROM_CPUcpsie)
                  000064f4    0000000c     PINCC26XX.obj (.text:PIN_registerIntCb)
                  00006500    0000000c     rtsv7M3_T_le_eabi.lib : copy_zero_init.obj (.text:decompress:ZI)
                  0000650c    0000000c     ICallBleAPI.obj (.text:matchProfileSetParamCS$9)
                  00006518    0000000c     sysbios.aem3 : mangled__BIOS_lib.obj (.text:ti_sysbios_BIOS_getThreadType__E)
                  00006524    0000000c                  : mangled__BIOS_lib.obj (.text:ti_sysbios_family_arm_cc26xx_Power_getTransitionState__E)
                  00006530    0000000c                  : mangled__BIOS_lib.obj (.text:ti_sysbios_hal_Hwi_Params__init__S)
                  0000653c    0000000c     appBLE_pem3.oem3 (.text:xdc_runtime_Startup_reset__I)
                  00006548    0000000a     drivers_cc26xxware.aem3 : I2C.oem3 (.text:I2C_transfer)
                  00006552    0000000a     ICallCC2650.obj (.text:ICallPlatform_pwrSwitchXOSCHF)
                  0000655c    0000000a     ICall.obj (.text:ICall_primE2S$11)
                  00006566    00000008     heartRate.obj (.text:HeartRate_battCB$17)
                  0000656e    00000008     heartRate.obj (.text:HeartRate_keyPressHandler$17)
                  00006576    00000008     heartRate.obj (.text:HeartRate_serviceCB$17)
                  0000657e    00000008     heartRate.obj (.text:HeartRate_stateChangeCB$17)
                  00006586    00000008     drivers_cc26xxware.aem3 : I2CCC26XX.oem3 (.text:I2CCC26XX_blockingCallback)
                  0000658e    00000006     ICallBleAPI.obj (.text:GGS_AddService)
                  00006594    00000006     drivers_cc26xxware.aem3 : I2CCC26XX.oem3 (.text:I2CCC26XX_control)
                  0000659a    00000006     ICall.obj (.text:ICall_mallocImpl)
                  000065a0    00000006     driverlib.lib : cpu.obj (.text:NOROM_CPUdelay)
                  000065a6    00000006     sysbios.aem3 : mangled__BIOS_lib.obj (.text:__xdc__init)
                  000065ac    00000006     rtsv7M3_T_le_eabi.lib : copy_decompress_rle.obj (.text:decompress:rle24)
                  000065b2    00000006     ICallBleAPI.obj (.text:gattAddService$9)
                  000065b8    00000006     ICallBleAPI.obj (.text:matchBondMgrSetParamCS$9)
                  000065be    00000006     ICallBleAPI.obj (.text:matchGGSSetParamCS$9)
                  000065c4    00000006     ICallBleAPI.obj (.text:matchGapDeviceInitCS$9)
                  000065ca    00000006     ICallBleAPI.obj (.text:matchGapEndDiscoverableCS$9)
                  000065d0    00000006     ICallBleAPI.obj (.text:matchGapGetParamCS$9)
                  000065d6    00000006     ICallBleAPI.obj (.text:matchGapMakeDiscoverableCS$9)
                  000065dc    00000006     ICallBleAPI.obj (.text:matchGapSetParamCS$9)
                  000065e2    00000006     ICallBleAPI.obj (.text:matchGapTerminateAuthCS$9)
                  000065e8    00000006     ICallBleAPI.obj (.text:matchGapTerminateLinkReqCS$9)
                  000065ee    00000006     ICallBleAPI.obj (.text:matchGapUpdateAdvDataCS$9)
                  000065f4    00000006     ICallBleAPI.obj (.text:matchGapUpdateLinkParamReqCS$9)
                  000065fa    00000006     ICallBleAPI.obj (.text:matchUtilNvReadCS$9)
                  00006600    00000006     ICallBleAPI.obj (.text:matchUtilNvWriteCS$9)
                  00006606    00000004     ICall.obj (.text:ICall_primAbort$11)
                  0000660a    00000004     util.obj (.text:Util_startClock)
                  0000660e    00000004     util.obj (.text:Util_stopClock)
                  00006612    00000004     peripheral.obj (.text:gapRole_SetupGAP$8)
                  00006616    00000004     appBLE_pem3.oem3 (.text:ti_sysbios_family_arm_cc26xx_Power_NOP)
                  0000661a    00000004     sysbios.aem3 : mangled__BIOS_lib.obj (.text:ti_sysbios_knl_Clock_isActive__E)
                  0000661e    00000002     --HOLE-- [fill = 0]
                  00006620    00000008     (.tramp.xdc_runtime_Core_assignParams__I.1)
                  00006628    00000008     (.tramp.ti_sysbios_hal_Hwi_enableInterrupt__E.1)
                  00006630    00000008     (.tramp.ti_sysbios_hal_Hwi_disableInterrupt__E.1)
                  00006638    00000008     (.tramp.ti_sysbios_knl_Task_enable__E.1)
                  00006640    00000008     (.tramp.ti_sysbios_family_arm_m3_Hwi_enableFxn__E.1)
                  00006648    00000008     (.tramp.xdc_runtime_Startup_startMods__I.1)
                  00006650    00000008     (.tramp.ti_sysbios_knl_Swi_post__E.1)
                  00006658    00000008     (.tramp.ti_sysbios_knl_Clock_logTick__E.1)
                  00006660    00000008     (.tramp.ti_sysbios_BIOS_RtsGateProxy_leave__E.1)
                  00006668    00000008     (.tramp.ti_sysbios_knl_Queue_construct.1)
                  00006670    00000008     (.tramp.ti_sysbios_knl_Queue_remove__E.1)
                  00006678    00000008     (.tramp.ti_sysbios_BIOS_start__E.1)
                  00006680    00000008     (.tramp.ti_sysbios_BIOS_RtsGateProxy_enter__E.1)
                  00006688    00000008     (.tramp.ti_sysbios_knl_Queue_dequeue__E.1)
                  00006690    00000008     (.tramp.ti_sysbios_knl_Task_startup__E.1)
                  00006698    00000008     (.tramp.ti_sysbios_knl_Swi_startup__E.1)
                  000066a0    00000008     (.tramp.ti_sysbios_hal_Hwi_startup__E.1)
                  000066a8    00000008     (.tramp.ti_sysbios_family_arm_cc26xx_Timer_startup__E.1)
                  000066b0    00000008     (.tramp.xdc_runtime_System_atexit__E.1)
                  000066b8    00000008     (.tramp.ti_sysbios_knl_Queue_enqueue__E.1)
                  000066c0    00000008     (.tramp.ti_sysbios_knl_Queue_put__E.1)
                  000066c8    00000008     (.tramp.ti_sysbios_BIOS_setThreadType__E.1)
                  000066d0    00000008     (.tramp.ti_sysbios_hal_Hwi_create.1)
                  000066d8    00000008     (.tramp.ti_sysbios_knl_Task_construct.1)
                  000066e0    00000008     (.tramp.xdc_runtime_System_exit__E.1)
                  000066e8    00000008     (.tramp.ti_sysbios_knl_Clock_construct.1)
                  000066f0    00000008     (.tramp.ti_sysbios_knl_Semaphore_create.1)
                  000066f8    00000008     (.tramp.ti_sysbios_BIOS_getCpuFreq__E.1)
                  00006700    00000008     (.tramp.ti_sysbios_knl_Task_create.1)
                  00006708    00000008     (.tramp.ti_sysbios_knl_Task_Params__init__S.1)
                  00006710    00000008     (.tramp.ti_sysbios_knl_Clock_create.1)
                  00006718    00000008     (.tramp.ti_sysbios_knl_Clock_Params__init__S.1)
                  00006720    00000008     (.tramp.ti_sysbios_knl_Semaphore_destruct.1)
                  00006728    00000008     (.tramp.ti_sysbios_family_arm_m3_Hwi_destruct.1)
                  00006730    00000008     (.tramp.ti_sysbios_knl_Clock_scheduleNextTick__E.1)
                  00006738    00000008     (.tramp.ti_sysbios_knl_Clock_walkQueueDynamic__E.1)
                  00006740    00000008     (.tramp.ti_sysbios_family_arm_m3_Hwi_enableInterrupt__E.1)
                  00006748    00000008     (.tramp.ti_sysbios_family_arm_m3_Hwi_disableInterrupt__E.1)
                  00006750    00000008     (.tramp.ti_sysbios_family_arm_m3_Hwi_restoreFxn__E.1)
                  00006758    00000008     (.tramp.ti_sysbios_family_arm_m3_Hwi_disableFxn__E.1)
[...]
1001c24d  ti_sysbios_BIOS_RtsGateProxy_leave__E                                     
1001c251  ti_sysbios_family_arm_cc26xx_Timer_getExpiredTicks__E                     
1001c255  ti_sysbios_family_arm_cc26xx_Timer_getPeriod__E                           
1001c259  ti_sysbios_family_arm_cc26xx_Timer_setPeriod__E                           
1001c25d  ti_sysbios_family_arm_m3_Hwi_delete                                       
1001c261  ti_sysbios_family_arm_m3_Hwi_destruct                                     
1001c265  ti_sysbios_family_arm_m3_TaskSupport_Module__startupDone__S               
1001c269  ti_sysbios_gates_GateHwi_query__E                                         
1001c269  xdc_runtime_System_Module_GateProxy_query__E                              
1001c26d  ti_sysbios_gates_GateMutex_delete                                         
1001c271  ti_sysbios_gates_GateMutex_destruct                                       
1001c275  ti_sysbios_BIOS_RtsGateProxy_query__E                                     
1001c275  ti_sysbios_gates_GateMutex_query__E                                       
1001c275  ti_sysbios_heaps_HeapMem_Module_GateProxy_query__E                        
1001c279  ti_sysbios_hal_Hwi_HwiProxy_Module__startupDone__S                        
1001c27d  ti_sysbios_hal_Hwi_HwiProxy_delete                                        
1001c281  ti_sysbios_hal_Hwi_HwiProxy_disableInterrupt__E                           
1001c281  ti_sysbios_hal_Hwi_disableInterrupt__E                                    
1001c285  ti_sysbios_hal_Hwi_HwiProxy_enableInterrupt__E                            
1001c285  ti_sysbios_hal_Hwi_enableInterrupt__E                                     
1001c289  ti_sysbios_hal_Hwi_HwiProxy_getStackInfo__E                               
1001c289  ti_sysbios_hal_Hwi_getStackInfo__E                                        
1001c28d  ti_sysbios_hal_Hwi_HwiProxy_startup__E                                    
1001c28d  ti_sysbios_hal_Hwi_startup__E                                             
1001c291  ti_sysbios_hal_Hwi_HwiProxy_switchFromBootStack__E                        
1001c295  ti_sysbios_hal_Hwi_delete                                                 
1001c299  ti_sysbios_hal_Hwi_switchFromBootStack__E                                 
1001c29d  ti_sysbios_heaps_HeapMem_Module_GateProxy_enter__E                        
1001c2a1  ti_sysbios_heaps_HeapMem_Module_GateProxy_leave__E                        
1001c2a5  ti_sysbios_heaps_HeapMem_isBlocking__E                                    
1001c2a9  ti_sysbios_knl_Clock_TimerProxy_Module__startupDone__S                    
1001c2ad  ti_sysbios_knl_Clock_TimerProxy_getExpiredTicks__E                        
1001c2b1  ti_sysbios_knl_Clock_TimerProxy_getPeriod__E                              
1001c2b5  ti_sysbios_knl_Clock_delete                                               
1001c2b9  ti_sysbios_knl_Clock_destruct                                             
1001c2bd  ti_sysbios_knl_Clock_removeI__E                                           
1001c2c1  ti_sysbios_knl_Clock_setTimeout__E                                        
1001c2c5  ti_sysbios_knl_Mailbox_delete                                             
1001c2c9  ti_sysbios_knl_Mailbox_destruct                                           
1001c2cd  ti_sysbios_knl_Queue_delete                                               
1001c2d1  ti_sysbios_knl_Queue_destruct                                             
1001c2d5  ti_sysbios_knl_Queue_head__E                                              
1001c2d9  ti_sysbios_knl_Queue_next__E                                              
1001c2dd  ti_sysbios_knl_Semaphore_delete                                           
1001c2e1  ti_sysbios_knl_Semaphore_destruct                                         
1001c2e5  ti_sysbios_knl_Swi_delete                                                 
1001c2e9  ti_sysbios_knl_Swi_destruct                                               
1001c2ed  ti_sysbios_knl_Swi_postInit__I                                            
1001c2f1  ti_sysbios_knl_Task_SupportProxy_Module__startupDone__S                   
1001c2f5  ti_sysbios_knl_Task_SupportProxy_getStackAlignment__E                     
1001c2f9  ti_sysbios_knl_Task_SupportProxy_start__E                                 
1001c2fd  ti_sysbios_knl_Task_SupportProxy_swap__E                                  
1001c301  ti_sysbios_knl_Task_delete                                                
1001c305  ti_sysbios_knl_Task_destruct                                              
1001c309  ti_sysbios_knl_Task_startup__E                                            
1001c30d  xdc_runtime_Startup_startMods__I                                          
1001c405  xdc_runtime_Core_createObject__I                                          
1001c487  xdc_runtime_Error_policySpin__E                                           
1001c489  xdc_runtime_Memory_alloc__E                                               
1001c4f9  xdc_runtime_Core_deleteObject__I                                          
1001c559  xdc_runtime_Startup_exec__E                                               
1001c5a9  xdc_runtime_Assert_raise__I                                               
1001c5f1  xdc_runtime_Core_assignParams__I                                          
1001c639  xdc_runtime_Core_constructObject__I                                       
1001c681  xdc_runtime_System_atexit__E                                              
1001c6b9  xdc_runtime_System_processAtExit__E                                       
1001c6ed  xdc_runtime_Core_assignLabel__I                                           
1001c71d  xdc_runtime_Text_cordText__E                                              
1001c749  xdc_runtime_System_abort__E                                               
1001c769  xdc_runtime_Error_raiseX__E                                               
1001c785  xdc_runtime_Memory_valloc__E                                              
1001c7a1  xdc_runtime_Core_destructObject__I                                        
1001c7b9  xdc_runtime_Error_check__E                                                
1001c7d1  xdc_runtime_System_exit__E                                                
1001c7e9  xdc_runtime_Text_ropeText__E                                              
1001c801  xdc_runtime_Memory_free__E                                                
1001c811  xdc_runtime_SysCallback_abort__E                                          
1001c821  xdc_runtime_SysCallback_exit__E                                           
1001c831  xdc_runtime_Timestamp_SupportProxy_get32__E                               
1001c831  xdc_runtime_Timestamp_get32__E                                            
1001c841  xdc_runtime_Error_init__E                                                 
1001c84d  xdc_runtime_Memory_calloc__E                                              
1001c859  xdc_runtime_Memory_getMaxDefaultTypeAlign__E                              
1001c879  xdc_runtime_Gate_leaveSystem__E                                           
1001c87f  xdc_runtime_System_Module_startup__E                                      
1001c885  xdc_runtime_Gate_enterSystem__E                                           
1001c889  xdc_runtime_Memory_HeapProxy_alloc__E                                     
1001c88d  xdc_runtime_Memory_HeapProxy_free__E                                      
1001c891  xdc_runtime_System_Module_GateProxy_enter__E                              
1001c895  xdc_runtime_System_Module_GateProxy_leave__E                              
1001c899  xdc_runtime_System_abortSpin__E                                           
1001c89b  xdc_runtime_System_exitSpin__E                                            
1001c89d  ti_sysbios_family_arm_m3_Hwi_dispatch__I                                  
1001c96d  ti_sysbios_family_arm_m3_TaskSupport_buildTaskStack                       
1001c9b9  ti_sysbios_family_arm_m3_Hwi_initStacks__E                                
1001ca01  ti_sysbios_family_arm_m3_Hwi_excHandlerAsm__I                             
1001ca21  ti_sysbios_family_xxx_Hwi_switchAndRunFunc                                
1001ca3f  ti_sysbios_family_arm_m3_Hwi_pendSV__I                                    
1001ca57  ti_sysbios_family_arm_m3_Hwi_return                                       
1001ca59  ti_sysbios_family_arm_m3_TaskSupport_glue                                 
1001ca69  ti_sysbios_family_arm_m3_TaskSupport_swap__E                              
1001ca71  ti_sysbios_knl_Task_swapReturn                                            
1001ca9b  ti_sysbios_rom_cortexm_cc26xx_CC26xx_getRevision__E                       
20000000  ti_sysbios_family_arm_m3_Hwi_ramVectors                                   
20000100  ti_sysbios_knl_Task_Module__state__V                                      
20000144  ti_sysbios_family_arm_m3_Hwi_Module__state__V                             
20000178  ti_sysbios_knl_Clock_Module__state__V                                     
200001a4  ti_sysbios_BIOS_Module__state__V                                          
200001c8  ti_sysbios_knl_Swi_Module__state__V                                       
200001e4  ti_sysbios_family_arm_cc26xx_Timer_Module__state__V                       
200001ec  ti_sysbios_family_arm_cc26xx_TimestampProvider_Module__state__V           
200001f0  xdc_runtime_Startup_Module__state__V                                      
200001f8  xdc_runtime_System_Module__state__V                                       
20000200  xdc_runtime_Memory_Module__state__V                                       
20000e08  ti_sysbios_heaps_HeapMem_Instance_State_0_buf__A                          
20001488  ti_sysbios_knl_Task_Instance_State_0_stack__A                             
20001688  PIN_NumPins                                                               
200016e8  PIN_HandleTable                                                           
20001764  ti_sysbios_family_arm_m3_Hwi_dispatchTable                                
2000182c  i2cCC26xxObjects                                                          
200018f5  Trand                                                                     
200018f6  driverlib_release_0_43243                                                 
2000190c  I2cHandle                                                                 
2000191c  Barometric_Pressure                                                       
20001920  Acc                                                                       
200019c0  HeartRate_task                                                            
20001a10  HeartRate_taskStack                                                       
20001c94  linkDBNumConns                                                            
20001da8  gapRoleTask                                                               
20001df8  gapRoleTaskStack                                                          
200021e0  ti_sysbios_family_arm_cc26xx_Power_refCount                               
200021f3  ti_sysbios_family_arm_cc26xx_Power_constraintCounts                       
200021f8  ti_sysbios_family_arm_cc26xx_Power_resourceHandlers                       
20002204  ti_sysbios_family_arm_cc26xx_Timer_Module__root__V                        
2000220c  ti_sysbios_family_arm_m3_Hwi_Module__root__V                              
20002214  ti_sysbios_family_arm_m3_Hwi_Module_State_0_excActive__A                  
20002218  ti_sysbios_family_arm_m3_Hwi_Module_State_0_excContext__A                 
2000221c  ti_sysbios_family_arm_m3_Hwi_Module_State_0_excStack__A                   
20002220  ti_sysbios_gates_GateHwi_Module__root__V                                  
20002228  ti_sysbios_gates_GateHwi_Object__table__V                                 
2000222c  ti_sysbios_gates_GateMutex_Module__root__V                                
20002234  ti_sysbios_hal_Hwi_Module__root__V                                        
2000223c  ti_sysbios_heaps_HeapMem_Module__root__V                                  
20002244  ti_sysbios_heaps_HeapMem_Object__table__V                                 
2000225c  ti_sysbios_knl_Clock_Module__root__V                                      
20002264  ti_sysbios_knl_Event_Module__root__V                                      
2000226c  ti_sysbios_knl_Mailbox_Module__root__V                                    
20002274  ti_sysbios_knl_Queue_Module__root__V                                      
2000227c  ti_sysbios_knl_Semaphore_Module__root__V                                  
20002284  ti_sysbios_knl_Swi_Module__root__V                                        
2000228c  ti_sysbios_knl_Task_Module__root__V                                       
20002294  ti_sysbios_knl_Task_Module_State_0_idleTask__A                            
20002298  __xdc__init__addr                                                         
2000232c  ICall_dispatcher                                                          
20002334  ICall_enterCriticalSection                                                
20002338  ICall_leaveCriticalSection                                                
20002488  FBM320                                                                    
200024b4  ti_sysbios_family_arm_cc26xx_Power_Module__state__V                       
20002528  appKeyChangeHandler                                                       
2000252c  hKeyPins                                                                  
20002530  keyPins                                                                   
2000253c  keyPinsCfg                                                                
20002578  rfRegTbl                                                                  
200025cc  TSK_idle                                                                  
200025cc  ti_sysbios_knl_Task_Object__table__V                                      
20002618  ti_sysbios_family_arm_cc26xx_Timer_Object__table__V                       
20002660  ti_sysbios_gates_GateMutex_Object__table__V                               
20002698  ti_sysbios_family_arm_m3_Hwi_Object__table__V                             
200026c8  ti_sysbios_knl_Swi_Module_State_0_readyQ__A                               
200026f8  ti_sysbios_knl_Swi_Object__table__V                                       
20002728  ti_sysbios_knl_Task_Module_State_0_readyQ__A                              
20002758  BoardGpioInitTable                                                        
20002778  user0Cfg                                                                  
200027b0  lastAppOpcodeSent                                                         
200027b4  pfnBMAlloc                                                                
200027b8  pfnBMFree                                                                 
200027c4  _lock                                                                     
200027c8  _unlock                                                                   
200027cc  __TI_cleanup_ptr                                                          
200027d0  __TI_dtors_ptr                                                            
200027d8  main_func_sp                                                              
20003fe8  __stack                                                                   
200043e8  __STACK_END                                                               
200043e8  __STACK_TOP                                                               
e000e000  ti_sysbios_family_arm_m3_Hwi_nvic                                         
ffffffff  __binit__                                                                 
ffffffff  __c_args__                                                                
ffffffff  binit                                                                     
UNDEFED   SHT$$INIT_ARRAY$$Base                                                     
UNDEFED   SHT$$INIT_ARRAY$$Limit                                                    
UNDEFED   ti_sysbios_BIOS_RtsGateProxy_Handle__label__S__mangled__                  
UNDEFED   ti_sysbios_BIOS_RtsGateProxy_Object__delete__S__mangled__                 
UNDEFED   ti_sysbios_BIOS_RtsGateProxy_Params__init__S__mangled__                   
UNDEFED   ti_sysbios_BIOS_RtsGateProxy_query__E__mangled__                          
UNDEFED   ti_sysbios_hal_Hwi_HwiProxy_Module__startupDone__S__mangled__             
UNDEFED   ti_sysbios_hal_Hwi_HwiProxy_Object__delete__S__mangled__                  
UNDEFED   ti_sysbios_hal_Hwi_HwiProxy_Params__init__S__mangled__                    
UNDEFED   ti_sysbios_hal_Hwi_HwiProxy_disableInterrupt__E__mangled__                
UNDEFED   ti_sysbios_hal_Hwi_HwiProxy_enableInterrupt__E__mangled__                 
UNDEFED   ti_sysbios_hal_Hwi_HwiProxy_getStackInfo__E__mangled__                    
UNDEFED   ti_sysbios_hal_Hwi_HwiProxy_startup__E__mangled__                         
UNDEFED   ti_sysbios_hal_Hwi_HwiProxy_switchFromBootStack__E__mangled__             
UNDEFED   ti_sysbios_hal_Hwi_disableInterrupt__E__mangled__                         
UNDEFED   ti_sysbios_hal_Hwi_enableInterrupt__E__mangled__                          
UNDEFED   ti_sysbios_hal_Hwi_getStackInfo__E__mangled__                             
UNDEFED   ti_sysbios_hal_Hwi_startup__E__mangled__                                  
UNDEFED   ti_sysbios_hal_Hwi_switchFromBootStack__E__mangled__                      
UNDEFED   ti_sysbios_heaps_HeapMem_Module_GateProxy_Handle__label__S__mangled__     
UNDEFED   ti_sysbios_heaps_HeapMem_Module_GateProxy_Object__delete__S__mangled__    
UNDEFED   ti_sysbios_heaps_HeapMem_Module_GateProxy_Params__init__S__mangled__      
UNDEFED   ti_sysbios_heaps_HeapMem_Module_GateProxy_query__E__mangled__             
UNDEFED   ti_sysbios_knl_Clock_TimerProxy_Module__startupDone__S__mangled__         
UNDEFED   ti_sysbios_knl_Clock_TimerProxy_startup__E__mangled__                     
UNDEFED   ti_sysbios_knl_Task_SupportProxy_Module__startupDone__S__mangled__        
UNDEFED   ti_sysbios_knl_Task_SupportProxy_getStackAlignment__E__mangled__          
UNDEFED   ti_sysbios_knl_Task_SupportProxy_start__E__mangled__                      
UNDEFED   ti_sysbios_knl_Task_SupportProxy_swap__E__mangled__                       
UNDEFED   xdc_runtime_Main_Module_GateProxy_Handle__label__S                        
UNDEFED   xdc_runtime_Main_Module_GateProxy_Object__delete__S                       
UNDEFED   xdc_runtime_Main_Module_GateProxy_query__E                                
UNDEFED   xdc_runtime_Memory_HeapProxy_Handle__label__S__mangled__                  
UNDEFED   xdc_runtime_Memory_HeapProxy_Object__delete__S__mangled__                 
UNDEFED   xdc_runtime_System_Module_GateProxy_Handle__label__S__mangled__           
UNDEFED   xdc_runtime_System_Module_GateProxy_Object__delete__S__mangled__          
UNDEFED   xdc_runtime_System_Module_GateProxy_query__E__mangled__                   
UNDEFED   xdc_runtime_System_SupportProxy_abort__E                                  
UNDEFED   xdc_runtime_System_SupportProxy_exit__E                                   
UNDEFED   xdc_runtime_Timestamp_SupportProxy_get64__E__mangled__                    
UNDEFED   xdc_runtime_Timestamp_SupportProxy_getFreq__E__mangled__                  
UNDEFED   xdc_runtime_Timestamp_get32__E__mangled__                                 
UNDEFED   xdc_runtime_Timestamp_get64__E__mangled__                                 
UNDEFED   xdc_runtime_Timestamp_getFreq__E__mangled__                               

[836 symbols]
